Component: ARM Compiler 5.06 update 6 (build 750) Tool: armlink [4d35ed]

==============================================================================

Section Cross References

    memp.o(i.memp_free) refers to memp.o(i.do_memp_free_pool) for do_memp_free_pool
    memp.o(i.memp_free) refers to memp.o(.constdata) for memp_pools
    memp.o(i.memp_free_pool) refers to memp.o(i.do_memp_free_pool) for do_memp_free_pool
    memp.o(i.memp_init) refers to memp.o(i.memp_init_pool) for memp_init_pool
    memp.o(i.memp_init) refers to memp.o(.constdata) for memp_pools
    memp.o(i.memp_malloc) refers to memp.o(i.do_memp_malloc_pool) for do_memp_malloc_pool
    memp.o(i.memp_malloc) refers to memp.o(.constdata) for memp_pools
    memp.o(i.memp_malloc_pool) refers to memp.o(i.do_memp_malloc_pool) for do_memp_malloc_pool
    memp.o(.constdata) refers to memp.o(.bss) for memp_memory_UDP_PCB_base
    memp.o(.constdata) refers to memp.o(.data) for memp_tab_UDP_PCB
    inet_chksum.o(i.inet_chksum) refers to inet_chksum.o(i.lwip_standard_chksum) for lwip_standard_chksum
    inet_chksum.o(i.inet_chksum_pbuf) refers to inet_chksum.o(i.lwip_standard_chksum) for lwip_standard_chksum
    inet_chksum.o(i.inet_chksum_pseudo) refers to inet_chksum.o(i.inet_cksum_pseudo_base) for inet_cksum_pseudo_base
    inet_chksum.o(i.inet_chksum_pseudo_partial) refers to inet_chksum.o(i.inet_cksum_pseudo_partial_base) for inet_cksum_pseudo_partial_base
    inet_chksum.o(i.inet_cksum_pseudo_base) refers to inet_chksum.o(i.lwip_standard_chksum) for lwip_standard_chksum
    inet_chksum.o(i.inet_cksum_pseudo_base) refers to def.o(i.lwip_htons) for lwip_htons
    inet_chksum.o(i.inet_cksum_pseudo_partial_base) refers to inet_chksum.o(i.lwip_standard_chksum) for lwip_standard_chksum
    inet_chksum.o(i.inet_cksum_pseudo_partial_base) refers to def.o(i.lwip_htons) for lwip_htons
    inet_chksum.o(i.ip_chksum_pseudo) refers to inet_chksum.o(i.inet_chksum_pseudo) for inet_chksum_pseudo
    inet_chksum.o(i.ip_chksum_pseudo_partial) refers to inet_chksum.o(i.inet_chksum_pseudo_partial) for inet_chksum_pseudo_partial
    slipif.o(i.slipif_init) refers to mem.o(i.mem_malloc) for mem_malloc
    slipif.o(i.slipif_init) refers to lwip.o(i.sio_open) for sio_open
    slipif.o(i.slipif_init) refers to mem.o(i.mem_free) for mem_free
    slipif.o(i.slipif_init) refers to slipif.o(i.slipif_output_v4) for slipif_output_v4
    slipif.o(i.slipif_output) refers to lwip.o(i.sio_send) for sio_send
    slipif.o(i.slipif_output_v4) refers to slipif.o(i.slipif_output) for slipif_output
    slipif.o(i.slipif_poll) refers to slipif.o(i.slipif_rxbyte_input) for slipif_rxbyte_input
    slipif.o(i.slipif_poll) refers to lwip.o(i.sio_tryread) for sio_tryread
    slipif.o(i.slipif_rxbyte) refers to pbuf.o(i.pbuf_realloc) for pbuf_realloc
    slipif.o(i.slipif_rxbyte) refers to pbuf.o(i.pbuf_alloc) for pbuf_alloc
    slipif.o(i.slipif_rxbyte) refers to pbuf.o(i.pbuf_cat) for pbuf_cat
    slipif.o(i.slipif_rxbyte_input) refers to slipif.o(i.slipif_rxbyte) for slipif_rxbyte
    slipif.o(i.slipif_rxbyte_input) refers to pbuf.o(i.pbuf_free) for pbuf_free
    def.o(i.lwip_itoa) refers to def.o(.conststring) for .conststring
    def.o(i.lwip_strnstr) refers to strlen.o(.text) for strlen
    def.o(i.lwip_strnstr) refers to strncmp.o(.text) for strncmp
    fs.o(i.fs_open) refers to strcmp.o(.text) for strcmp
    fs.o(i.fs_open) refers to fs.o(.constdata) for file__index_html
    init.o(i.lwip_init) refers to mem.o(i.mem_init) for mem_init
    init.o(i.lwip_init) refers to memp.o(i.memp_init) for memp_init
    init.o(i.lwip_init) refers to netif.o(i.netif_init) for netif_init
    init.o(i.lwip_init) refers to udp.o(i.udp_init) for udp_init
    init.o(i.lwip_init) refers to tcp.o(i.tcp_init) for tcp_init
    init.o(i.lwip_init) refers to timeouts.o(i.sys_timeouts_init) for sys_timeouts_init
    ip4_frag.o(i.ip4_frag) refers to def.o(i.lwip_htons) for lwip_htons
    ip4_frag.o(i.ip4_frag) refers to pbuf.o(i.pbuf_alloc) for pbuf_alloc
    ip4_frag.o(i.ip4_frag) refers to memcpya.o(.text) for __aeabi_memcpy
    ip4_frag.o(i.ip4_frag) refers to ip4_frag.o(i.ip_frag_alloc_pbuf_custom_ref) for ip_frag_alloc_pbuf_custom_ref
    ip4_frag.o(i.ip4_frag) refers to pbuf.o(i.pbuf_free) for pbuf_free
    ip4_frag.o(i.ip4_frag) refers to pbuf.o(i.pbuf_alloced_custom) for pbuf_alloced_custom
    ip4_frag.o(i.ip4_frag) refers to ip4_frag.o(i.ip_frag_free_pbuf_custom_ref) for ip_frag_free_pbuf_custom_ref
    ip4_frag.o(i.ip4_frag) refers to pbuf.o(i.pbuf_ref) for pbuf_ref
    ip4_frag.o(i.ip4_frag) refers to pbuf.o(i.pbuf_cat) for pbuf_cat
    ip4_frag.o(i.ip4_frag) refers to ip4_frag.o(i.ipfrag_free_pbuf_custom) for ipfrag_free_pbuf_custom
    ip4_frag.o(i.ip4_reass) refers to def.o(i.lwip_htons) for lwip_htons
    ip4_frag.o(i.ip4_reass) refers to pbuf.o(i.pbuf_clen) for pbuf_clen
    ip4_frag.o(i.ip4_reass) refers to ip4_frag.o(i.ip_reass_remove_oldest_datagram) for ip_reass_remove_oldest_datagram
[...]
    i.mem_malloc                             0x080050dc   Section        0  mem.o(i.mem_malloc)
    i.mem_trim                               0x080051c8   Section        0  mem.o(i.mem_trim)
    i.memp_free                              0x080052f4   Section        0  memp.o(i.memp_free)
    i.memp_init                              0x0800531c   Section        0  memp.o(i.memp_init)
    i.memp_init_pool                         0x0800533c   Section        0  memp.o(i.memp_init_pool)
    i.memp_malloc                            0x08005368   Section        0  memp.o(i.memp_malloc)
    i.netif_add                              0x0800538c   Section        0  netif.o(i.netif_add)
    i.netif_init                             0x08005400   Section        0  netif.o(i.netif_init)
    i.netif_issue_reports                    0x08005402   Section        0  netif.o(i.netif_issue_reports)
    netif_issue_reports                      0x08005403   Thumb Code    36  netif.o(i.netif_issue_reports)
    i.netif_set_addr                         0x08005426   Section        0  netif.o(i.netif_set_addr)
    i.netif_set_default                      0x08005470   Section        0  netif.o(i.netif_set_default)
    i.netif_set_down                         0x0800547c   Section        0  netif.o(i.netif_set_down)
    i.netif_set_gw                           0x080054a6   Section        0  netif.o(i.netif_set_gw)
    i.netif_set_ipaddr                       0x080054b4   Section        0  netif.o(i.netif_set_ipaddr)
    i.netif_set_netmask                      0x08005500   Section        0  netif.o(i.netif_set_netmask)
    i.netif_set_up                           0x0800550c   Section        0  netif.o(i.netif_set_up)
    i.pbuf_alloc                             0x08005538   Section        0  pbuf.o(i.pbuf_alloc)
    i.pbuf_alloced_custom                    0x080056cc   Section        0  pbuf.o(i.pbuf_alloced_custom)
    i.pbuf_cat                               0x0800573a   Section        0  pbuf.o(i.pbuf_cat)
    i.pbuf_chain                             0x08005772   Section        0  pbuf.o(i.pbuf_chain)
    i.pbuf_clen                              0x08005788   Section        0  pbuf.o(i.pbuf_clen)
    i.pbuf_copy                              0x0800579a   Section        0  pbuf.o(i.pbuf_copy)
    i.pbuf_copy_partial                      0x0800585a   Section        0  pbuf.o(i.pbuf_copy_partial)
    i.pbuf_free                              0x080058ec   Section        0  pbuf.o(i.pbuf_free)
    i.pbuf_free_ooseq                        0x08005974   Section        0  pbuf.o(i.pbuf_free_ooseq)
    i.pbuf_header                            0x080059a8   Section        0  pbuf.o(i.pbuf_header)
    i.pbuf_header_force                      0x080059ba   Section        0  pbuf.o(i.pbuf_header_force)
    i.pbuf_header_impl                       0x080059cc   Section        0  pbuf.o(i.pbuf_header_impl)
    pbuf_header_impl                         0x080059cd   Thumb Code   142  pbuf.o(i.pbuf_header_impl)
    i.pbuf_pool_is_empty                     0x08005a5c   Section        0  pbuf.o(i.pbuf_pool_is_empty)
    pbuf_pool_is_empty                       0x08005a5d   Thumb Code    12  pbuf.o(i.pbuf_pool_is_empty)
    i.pbuf_realloc                           0x08005a6c   Section        0  pbuf.o(i.pbuf_realloc)
    i.pbuf_ref                               0x08005aec   Section        0  pbuf.o(i.pbuf_ref)
    i.plug_holes                             0x08005afc   Section        0  mem.o(i.plug_holes)
    plug_holes                               0x08005afd   Thumb Code   124  mem.o(i.plug_holes)
    i.sys_check_timeouts                     0x08005b84   Section        0  timeouts.o(i.sys_check_timeouts)
    i.sys_now                                0x08005c04   Section        0  ethernetif.o(i.sys_now)
    i.sys_timeout                            0x08005c0c   Section        0  timeouts.o(i.sys_timeout)
    i.sys_timeouts_init                      0x08005ce4   Section        0  timeouts.o(i.sys_timeouts_init)
    i.tcp_abandon                            0x08005d18   Section        0  tcp.o(i.tcp_abandon)
    i.tcp_abort                              0x08005e0c   Section        0  tcp.o(i.tcp_abort)
    i.tcp_accept                             0x08005e1a   Section        0  tcp.o(i.tcp_accept)
    i.tcp_accept_null                        0x08005e2a   Section        0  tcp.o(i.tcp_accept_null)
    tcp_accept_null                          0x08005e2b   Thumb Code    20  tcp.o(i.tcp_accept_null)
    i.tcp_alloc                              0x08005e40   Section        0  tcp.o(i.tcp_alloc)
    i.tcp_arg                                0x08005f00   Section        0  tcp.o(i.tcp_arg)
    i.tcp_bind                               0x08005f08   Section        0  tcp.o(i.tcp_bind)
    i.tcp_close                              0x08005fb8   Section        0  tcp.o(i.tcp_close)
    i.tcp_close_shutdown                     0x08005fd4   Section        0  tcp.o(i.tcp_close_shutdown)
    tcp_close_shutdown                       0x08005fd5   Thumb Code   404  tcp.o(i.tcp_close_shutdown)
    i.tcp_create_segment                     0x08006180   Section        0  tcp_out.o(i.tcp_create_segment)
    tcp_create_segment                       0x08006181   Thumb Code   190  tcp_out.o(i.tcp_create_segment)
    i.tcp_eff_send_mss_impl                  0x0800623e   Section        0  tcp.o(i.tcp_eff_send_mss_impl)
    i.tcp_enqueue_flags                      0x08006278   Section        0  tcp_out.o(i.tcp_enqueue_flags)
    i.tcp_err                                0x08006386   Section        0  tcp.o(i.tcp_err)
    i.tcp_fasttmr                            0x08006394   Section        0  tcp.o(i.tcp_fasttmr)
    i.tcp_getoptbyte                         0x0800640c   Section        0  tcp_in.o(i.tcp_getoptbyte)
    tcp_getoptbyte                           0x0800640d   Thumb Code    70  tcp_in.o(i.tcp_getoptbyte)
    i.tcp_init                               0x08006464   Section        0  tcp.o(i.tcp_init)
    i.tcp_input                              0x08006468   Section        0  tcp_in.o(i.tcp_input)
    i.tcp_keepalive                          0x08006970   Section        0  tcp_out.o(i.tcp_keepalive)
    i.tcp_kill_prio                          0x080069cc   Section        0  tcp.o(i.tcp_kill_prio)
    tcp_kill_prio                            0x080069cd   Thumb Code    78  tcp.o(i.tcp_kill_prio)
    i.tcp_kill_state                         0x08006a24   Section        0  tcp.o(i.tcp_kill_state)
    tcp_kill_state                           0x08006a25   Thumb Code    68  tcp.o(i.tcp_kill_state)
    i.tcp_kill_timewait                      0x08006a70   Section        0  tcp.o(i.tcp_kill_timewait)
    tcp_kill_timewait                        0x08006a71   Thumb Code    50  tcp.o(i.tcp_kill_timewait)
    i.tcp_listen_closed                      0x08006aac   Section        0  tcp.o(i.tcp_listen_closed)
    tcp_listen_closed                        0x08006aad   Thumb Code    38  tcp.o(i.tcp_listen_closed)
    i.tcp_listen_input                       0x08006ad8   Section        0  tcp_in.o(i.tcp_listen_input)
    tcp_listen_input                         0x08006ad9   Thumb Code   286  tcp_in.o(i.tcp_listen_input)
    i.tcp_listen_with_backlog                0x08006c18   Section        0  tcp.o(i.tcp_listen_with_backlog)
    i.tcp_netif_ip_addr_changed              0x08006ccc   Section        0  tcp.o(i.tcp_netif_ip_addr_changed)
    i.tcp_netif_ip_addr_changed_pcblist      0x08006d20   Section        0  tcp.o(i.tcp_netif_ip_addr_changed_pcblist)
    tcp_netif_ip_addr_changed_pcblist        0x08006d21   Thumb Code    42  tcp.o(i.tcp_netif_ip_addr_changed_pcblist)
    i.tcp_new_ip_type                        0x08006d4a   Section        0  tcp.o(i.tcp_new_ip_type)
    i.tcp_new_port                           0x08006d5c   Section        0  tcp.o(i.tcp_new_port)
    tcp_new_port                             0x08006d5d   Thumb Code    96  tcp.o(i.tcp_new_port)
    i.tcp_next_iss                           0x08006dc4   Section        0  tcp.o(i.tcp_next_iss)
    i.tcp_oos_insert_segment                 0x08006de0   Section        0  tcp_in.o(i.tcp_oos_insert_segment)
    tcp_oos_insert_segment                   0x08006de1   Thumb Code   138  tcp_in.o(i.tcp_oos_insert_segment)
    i.tcp_output                             0x08006e70   Section        0  tcp_out.o(i.tcp_output)
    i.tcp_output_alloc_header                0x0800708c   Section        0  tcp_out.o(i.tcp_output_alloc_header)
    tcp_output_alloc_header                  0x0800708d   Thumb Code   120  tcp_out.o(i.tcp_output_alloc_header)
    i.tcp_output_segment                     0x08007104   Section        0  tcp_out.o(i.tcp_output_segment)
    tcp_output_segment                       0x08007105   Thumb Code   192  tcp_out.o(i.tcp_output_segment)
    i.tcp_parseopt                           0x080071c8   Section        0  tcp_in.o(i.tcp_parseopt)
    tcp_parseopt                             0x080071c9   Thumb Code   148  tcp_in.o(i.tcp_parseopt)
    i.tcp_pbuf_prealloc                      0x08007264   Section        0  tcp_out.o(i.tcp_pbuf_prealloc)
    tcp_pbuf_prealloc                        0x08007265   Thumb Code   120  tcp_out.o(i.tcp_pbuf_prealloc)
    i.tcp_pcb_purge                          0x080072dc   Section        0  tcp.o(i.tcp_pcb_purge)
    i.tcp_pcb_remove                         0x08007324   Section        0  tcp.o(i.tcp_pcb_remove)
    i.tcp_poll                               0x080073a0   Section        0  tcp.o(i.tcp_poll)
    i.tcp_process                            0x080073ac   Section        0  tcp_in.o(i.tcp_process)
    tcp_process                              0x080073ad   Thumb Code  1444  tcp_in.o(i.tcp_process)
    i.tcp_process_refused_data               0x08007968   Section        0  tcp.o(i.tcp_process_refused_data)
    i.tcp_receive                            0x080079fc   Section        0  tcp_in.o(i.tcp_receive)
    tcp_receive                              0x080079fd   Thumb Code  2466  tcp_in.o(i.tcp_receive)
    i.tcp_recv                               0x080083ac   Section        0  tcp.o(i.tcp_recv)
    i.tcp_recv_null                          0x080083b8   Section        0  tcp.o(i.tcp_recv_null)
    i.tcp_recved                             0x080083e6   Section        0  tcp.o(i.tcp_recved)
    i.tcp_remove_listener                    0x08008444   Section        0  tcp.o(i.tcp_remove_listener)
    tcp_remove_listener                      0x08008445   Thumb Code    24  tcp.o(i.tcp_remove_listener)
    i.tcp_rexmit                             0x0800845c   Section        0  tcp_out.o(i.tcp_rexmit)
    i.tcp_rexmit_fast                        0x080084b6   Section        0  tcp_out.o(i.tcp_rexmit_fast)
    i.tcp_rexmit_rto                         0x0800852a   Section        0  tcp_out.o(i.tcp_rexmit_rto)
    i.tcp_rst                                0x08008564   Section        0  tcp_out.o(i.tcp_rst)
    i.tcp_seg_copy                           0x080085ec   Section        0  tcp.o(i.tcp_seg_copy)
    i.tcp_seg_free                           0x08008610   Section        0  tcp.o(i.tcp_seg_free)
    i.tcp_segs_free                          0x0800862a   Section        0  tcp.o(i.tcp_segs_free)
    i.tcp_send_empty_ack                     0x08008642   Section        0  tcp_out.o(i.tcp_send_empty_ack)
    i.tcp_send_fin                           0x080086b8   Section        0  tcp_out.o(i.tcp_send_fin)
    i.tcp_sent                               0x08008702   Section        0  tcp.o(i.tcp_sent)
    i.tcp_setprio                            0x0800870c   Section        0  tcp.o(i.tcp_setprio)
    i.tcp_slowtmr                            0x08008710   Section        0  tcp.o(i.tcp_slowtmr)
    i.tcp_timer_needed                       0x08008a7c   Section        0  timeouts.o(i.tcp_timer_needed)
    i.tcp_timewait_input                     0x08008ab4   Section        0  tcp_in.o(i.tcp_timewait_input)
    tcp_timewait_input                       0x08008ab5   Thumb Code   134  tcp_in.o(i.tcp_timewait_input)
    i.tcp_tmr                                0x08008b58   Section        0  tcp.o(i.tcp_tmr)
    i.tcp_trigger_input_pcb_close            0x08008b7c   Section        0  tcp_in.o(i.tcp_trigger_input_pcb_close)
    i.tcp_update_rcv_ann_wnd                 0x08008b90   Section        0  tcp.o(i.tcp_update_rcv_ann_wnd)
    i.tcp_write                              0x08008bde   Section        0  tcp_out.o(i.tcp_write)
    i.tcp_write_checks                       0x08008f9a   Section        0  tcp_out.o(i.tcp_write_checks)
    tcp_write_checks                         0x08008f9b   Thumb Code   112  tcp_out.o(i.tcp_write_checks)
    i.tcp_zero_window_probe                  0x0800900a   Section        0  tcp_out.o(i.tcp_zero_window_probe)
    i.tcpip_tcp_timer                        0x080090e8   Section        0  timeouts.o(i.tcpip_tcp_timer)
    tcpip_tcp_timer                          0x080090e9   Thumb Code    40  timeouts.o(i.tcpip_tcp_timer)
    i.udp_bind                               0x08009120   Section        0  udp.o(i.udp_bind)
    i.udp_connect                            0x080091b4   Section        0  udp.o(i.udp_connect)
    i.udp_init                               0x08009224   Section        0  udp.o(i.udp_init)
    i.udp_input                              0x08009228   Section        0  udp.o(i.udp_input)
    i.udp_input_local_match                  0x08009364   Section        0  udp.o(i.udp_input_local_match)
    udp_input_local_match                    0x08009365   Thumb Code    66  udp.o(i.udp_input_local_match)
    i.udp_netif_ip_addr_changed              0x080093ac   Section        0  udp.o(i.udp_netif_ip_addr_changed)
    i.udp_new                                0x080093dc   Section        0  udp.o(i.udp_new)
    i.udp_new_port                           0x080093f8   Section        0  udp.o(i.udp_new_port)
    udp_new_port                             0x080093f9   Thumb Code    80  udp.o(i.udp_new_port)
    i.udp_recv                               0x08009450   Section        0  udp.o(i.udp_recv)
    i.udp_remove                             0x08009458   Section        0  udp.o(i.udp_remove)
    i.udp_sendto_if                          0x0800949c   Section        0  udp.o(i.udp_sendto_if)
    i.udp_sendto_if_src                      0x080094ee   Section        0  udp.o(i.udp_sendto_if_src)
    .constdata                               0x080095ac   Section      144  memp.o(.constdata)
    .constdata                               0x0800963c   Section     3476  fs.o(.constdata)
    data__img_sics_gif                       0x0800963c   Data         847  fs.o(.constdata)
    data__404_html                           0x0800998b   Data         696  fs.o(.constdata)
    data__index_html                         0x08009c43   Data        1870  fs.o(.constdata)
    .constdata                               0x0800a3d0   Section       40  httpd.o(.constdata)
    .constdata                               0x0800a3f8   Section       40  timeouts.o(.constdata)
    .constdata                               0x0800a420   Section        8  ip4_addr.o(.constdata)
    .constdata                               0x0800a428   Section       80  tcp.o(.constdata)
    tcp_state_str                            0x0800a428   Data          44  tcp.o(.constdata)
    tcp_backoff                              0x0800a454   Data          13  tcp.o(.constdata)
    tcp_persist_backoff                      0x0800a461   Data           7  tcp.o(.constdata)
    .constdata                               0x0800a478   Section       12  ethernet.o(.constdata)
    .constdata                               0x0800a484   Section       24  system_stm32f4xx.o(.constdata)
    .conststring                             0x0800a49c   Section       64  httpd.o(.conststring)
    .conststring                             0x0800a4dc   Section      117  tcp.o(.conststring)
    .data                                    0x20000000   Section       36  memp.o(.data)
    memp_tab_UDP_PCB                         0x20000000   Data           4  memp.o(.data)
    memp_tab_TCP_PCB                         0x20000004   Data           4  memp.o(.data)
    memp_tab_TCP_PCB_LISTEN                  0x20000008   Data           4  memp.o(.data)
    memp_tab_TCP_SEG                         0x2000000c   Data           4  memp.o(.data)
    memp_tab_REASSDATA                       0x20000010   Data           4  memp.o(.data)
    memp_tab_FRAG_PBUF                       0x20000014   Data           4  memp.o(.data)
    memp_tab_SYS_TIMEOUT                     0x20000018   Data           4  memp.o(.data)
    memp_tab_PBUF                            0x2000001c   Data           4  memp.o(.data)
    memp_tab_PBUF_POOL                       0x20000020   Data           4  memp.o(.data)
    .data                                    0x20000024   Section        6  ip4_frag.o(.data)
    reassdatagrams                           0x20000024   Data           4  ip4_frag.o(.data)
    ip_reass_pbufcount                       0x20000028   Data           2  ip4_frag.o(.data)
    .data                                    0x2000002a   Section        2  ip4.o(.data)
    ip_id                                    0x2000002a   Data           2  ip4.o(.data)
    .data                                    0x2000002c   Section       16  dhcp.o(.data)
    dhcp_discover_request_options            0x2000002c   Data           4  dhcp.o(.data)
    dhcp_pcb                                 0x20000030   Data           4  dhcp.o(.data)
    dhcp_pcb_refcount                        0x20000034   Data           1  dhcp.o(.data)
    xid                                      0x20000038   Data           4  dhcp.o(.data)
    .data                                    0x2000003c   Section       12  mem.o(.data)
    ram                                      0x2000003c   Data           4  mem.o(.data)
    ram_end                                  0x20000040   Data           4  mem.o(.data)
    lfree                                    0x20000044   Data           4  mem.o(.data)
    .data                                    0x20000048   Section       40  tcp_in.o(.data)
    tcphdr                                   0x20000048   Data           4  tcp_in.o(.data)
    tcphdr_optlen                            0x2000004c   Data           2  tcp_in.o(.data)
    tcphdr_opt1len                           0x2000004e   Data           2  tcp_in.o(.data)
    tcphdr_opt2                              0x20000050   Data           4  tcp_in.o(.data)
    tcp_optidx                               0x20000054   Data           2  tcp_in.o(.data)
    seqno                                    0x20000058   Data           4  tcp_in.o(.data)
    ackno                                    0x2000005c   Data           4  tcp_in.o(.data)
    recv_acked                               0x20000060   Data           2  tcp_in.o(.data)
    tcplen                                   0x20000062   Data           2  tcp_in.o(.data)
    flags                                    0x20000064   Data           1  tcp_in.o(.data)
    recv_flags                               0x20000065   Data           1  tcp_in.o(.data)
    recv_data                                0x20000068   Data           4  tcp_in.o(.data)
    .data                                    0x20000070   Section       12  timeouts.o(.data)
    next_timeout                             0x20000070   Data           4  timeouts.o(.data)
    timeouts_last_time                       0x20000074   Data           4  timeouts.o(.data)
    tcpip_tcp_timer_active                   0x20000078   Data           4  timeouts.o(.data)
    .data                                    0x2000007c   Section        1  pbuf.o(.data)
    .data                                    0x20000080   Section       32  tcp.o(.data)
    tcp_port                                 0x20000080   Data           2  tcp.o(.data)
    tcp_timer                                0x20000099   Data           1  tcp.o(.data)
    tcp_timer_ctr                            0x2000009a   Data           1  tcp.o(.data)
    iss                                      0x2000009c   Data           4  tcp.o(.data)
    .data                                    0x200000a0   Section        1  etharp.o(.data)
    etharp_cached_entry                      0x200000a0   Data           1  etharp.o(.data)
    .data                                    0x200000a4   Section        8  udp.o(.data)
    udp_port                                 0x200000a4   Data           2  udp.o(.data)
    .data                                    0x200000ac   Section        9  netif.o(.data)
    netif_num                                0x200000b4   Data           1  netif.o(.data)
    .data                                    0x200000b8   Section        4  stm32f4xx_hal.o(.data)
    .data                                    0x200000bc   Section       20  lwip.o(.data)
    .data                                    0x200000d0   Section        4  system_stm32f4xx.o(.data)
    .data                                    0x200000d4   Section        4  rand.o(.data)
    _rand_state                              0x200000d4   Data           4  rand.o(.data)
    .bss                                     0x200000d8   Section    11979  memp.o(.bss)
    .bss                                     0x20002fa4   Section       50  dhcp.o(.bss)
    .bss                                     0x20002fd6   Section     1619  mem.o(.bss)
    .bss                                     0x2000362c   Section       16  tcp_in.o(.bss)
    inseg                                    0x2000362c   Data          16  tcp_in.o(.bss)
    .bss                                     0x2000363c   Section     1088  httpd.o(.bss)
    httpd_req_buf                            0x2000363c   Data        1024  httpd.o(.bss)
    http_uri_buf                             0x20003a3c   Data          64  httpd.o(.bss)
    .bss                                     0x20003a7c   Section       24  ip.o(.bss)
    .bss                                     0x20003a94   Section      240  etharp.o(.bss)
    arp_table                                0x20003a94   Data         240  etharp.o(.bss)
    .bss                                     0x20003b84   Section    12520  ethernetif.o(.bss)
    .bss                                     0x20006c6c   Section       52  lwip.o(.bss)
    STACK                                    0x20006ca0   Section     1024  startup_stm32f407xx.o(STACK)

    Global Symbols

    Symbol Name                              Value     Ov Type        Size  Object(Section)

    BuildAttributes$$THM_ISAv4$E$P$D$K$B$S$7EM$VFPi3$EXTD16$VFPS$VFMA$PE$A:L22UL41UL21$X:L11$S22US41US21$IEEE1$IW$USESV6$~STKCKD$USESV7$~SHL$OSPACE$EBA8$MICROLIB$REQ8$PRES8$EABIv2 0x00000000   Number         0  anon$$obj.o ABSOLUTE
    __ARM_use_no_argv                        0x00000000   Number         0  main.o ABSOLUTE
    __cpp_initialize__aeabi_                  - Undefined Weak Reference
    __cxa_finalize                            - Undefined Weak Reference
    __decompress                              - Undefined Weak Reference
    _clock_init                               - Undefined Weak Reference
    _microlib_exit                            - Undefined Weak Reference
    __Vectors_Size                           0x00000188   Number         0  startup_stm32f407xx.o ABSOLUTE
    __Vectors                                0x08000000   Data           4  startup_stm32f407xx.o(RESET)
    __Vectors_End                            0x08000188   Data           0  startup_stm32f407xx.o(RESET)
    __main                                   0x08000189   Thumb Code     0  entry.o(.ARM.Collect$$$$00000000)
    _main_stk                                0x08000189   Thumb Code     0  entry2.o(.ARM.Collect$$$$00000001)
    _main_scatterload                        0x0800018d   Thumb Code     0  entry5.o(.ARM.Collect$$$$00000004)
    __main_after_scatterload                 0x08000191   Thumb Code     0  entry5.o(.ARM.Collect$$$$00000004)
    _main_clock                              0x08000191   Thumb Code     0  entry7b.o(.ARM.Collect$$$$00000008)
    _main_cpp_init                           0x08000191   Thumb Code     0  entry8b.o(.ARM.Collect$$$$0000000A)
    _main_init                               0x08000191   Thumb Code     0  entry9a.o(.ARM.Collect$$$$0000000B)
    __rt_final_cpp                           0x08000199   Thumb Code     0  entry10a.o(.ARM.Collect$$$$0000000D)
    __rt_final_exit                          0x08000199   Thumb Code     0  entry11a.o(.ARM.Collect$$$$0000000F)
    Reset_Handler                            0x0800019d   Thumb Code     8  startup_stm32f407xx.o(.text)
    ADC_IRQHandler                           0x080001b7   Thumb Code     0  startup_stm32f407xx.o(.text)
    CAN1_RX0_IRQHandler                      0x080001b7   Thumb Code     0  startup_stm32f407xx.o(.text)
    CAN1_RX1_IRQHandler                      0x080001b7   Thumb Code     0  startup_stm32f407xx.o(.text)
    CAN1_SCE_IRQHandler                      0x080001b7   Thumb Code     0  startup_stm32f407xx.o(.text)
    CAN1_TX_IRQHandler                       0x080001b7   Thumb Code     0  startup_stm32f407xx.o(.text)
    CAN2_RX0_IRQHandler                      0x080001b7   Thumb Code     0  startup_stm32f407xx.o(.text)
    CAN2_RX1_IRQHandler                      0x080001b7   Thumb Code     0  startup_stm32f407xx.o(.text)
    CAN2_SCE_IRQHandler                      0x080001b7   Thumb Code     0  startup_stm32f407xx.o(.text)
    CAN2_TX_IRQHandler                       0x080001b7   Thumb Code     0  startup_stm32f407xx.o(.text)
    DCMI_IRQHandler                          0x080001b7   Thumb Code     0  startup_stm32f407xx.o(.text)
    DMA1_Stream0_IRQHandler                  0x080001b7   Thumb Code     0  startup_stm32f407xx.o(.text)
    DMA1_Stream1_IRQHandler                  0x080001b7   Thumb Code     0  startup_stm32f407xx.o(.text)
    DMA1_Stream2_IRQHandler                  0x080001b7   Thumb Code     0  startup_stm32f407xx.o(.text)
    DMA1_Stream3_IRQHandler                  0x080001b7   Thumb Code     0  startup_stm32f407xx.o(.text)
    DMA1_Stream4_IRQHandler                  0x080001b7   Thumb Code     0  startup_stm32f407xx.o(.text)
    DMA1_Stream5_IRQHandler                  0x080001b7   Thumb Code     0  startup_stm32f407xx.o(.text)
    DMA1_Stream6_IRQHandler                  0x080001b7   Thumb Code     0  startup_stm32f407xx.o(.text)
    DMA1_Stream7_IRQHandler                  0x080001b7   Thumb Code     0  startup_stm32f407xx.o(.text)
    DMA2_Stream0_IRQHandler                  0x080001b7   Thumb Code     0  startup_stm32f407xx.o(.text)
    DMA2_Stream1_IRQHandler                  0x080001b7   Thumb Code     0  startup_stm32f407xx.o(.text)
    DMA2_Stream2_IRQHandler                  0x080001b7   Thumb Code     0  startup_stm32f407xx.o(.text)
    DMA2_Stream3_IRQHandler                  0x080001b7   Thumb Code     0  startup_stm32f407xx.o(.text)
    DMA2_Stream4_IRQHandler                  0x080001b7   Thumb Code     0  startup_stm32f407xx.o(.text)
    DMA2_Stream5_IRQHandler                  0x080001b7   Thumb Code     0  startup_stm32f407xx.o(.text)
    DMA2_Stream6_IRQHandler                  0x080001b7   Thumb Code     0  startup_stm32f407xx.o(.text)
    DMA2_Stream7_IRQHandler                  0x080001b7   Thumb Code     0  startup_stm32f407xx.o(.text)
    ETH_IRQHandler                           0x080001b7   Thumb Code     0  startup_stm32f407xx.o(.text)
    ETH_WKUP_IRQHandler                      0x080001b7   Thumb Code     0  startup_stm32f407xx.o(.text)
    EXTI0_IRQHandler                         0x080001b7   Thumb Code     0  startup_stm32f407xx.o(.text)
    EXTI15_10_IRQHandler                     0x080001b7   Thumb Code     0  startup_stm32f407xx.o(.text)
    EXTI1_IRQHandler                         0x080001b7   Thumb Code     0  startup_stm32f407xx.o(.text)
    EXTI2_IRQHandler                         0x080001b7   Thumb Code     0  startup_stm32f407xx.o(.text)
    EXTI3_IRQHandler                         0x080001b7   Thumb Code     0  startup_stm32f407xx.o(.text)
    EXTI4_IRQHandler                         0x080001b7   Thumb Code     0  startup_stm32f407xx.o(.text)
    EXTI9_5_IRQHandler                       0x080001b7   Thumb Code     0  startup_stm32f407xx.o(.text)
    FLASH_IRQHandler                         0x080001b7   Thumb Code     0  startup_stm32f407xx.o(.text)
    FMC_IRQHandler                           0x080001b7   Thumb Code     0  startup_stm32f407xx.o(.text)
    FPU_IRQHandler                           0x080001b7   Thumb Code     0  startup_stm32f407xx.o(.text)
    HASH_RNG_IRQHandler                      0x080001b7   Thumb Code     0  startup_stm32f407xx.o(.text)
    I2C1_ER_IRQHandler                       0x080001b7   Thumb Code     0  startup_stm32f407xx.o(.text)
    I2C1_EV_IRQHandler                       0x080001b7   Thumb Code     0  startup_stm32f407xx.o(.text)
    I2C2_ER_IRQHandler                       0x080001b7   Thumb Code     0  startup_stm32f407xx.o(.text)
    I2C2_EV_IRQHandler                       0x080001b7   Thumb Code     0  startup_stm32f407xx.o(.text)
    I2C3_ER_IRQHandler                       0x080001b7   Thumb Code     0  startup_stm32f407xx.o(.text)
    I2C3_EV_IRQHandler                       0x080001b7   Thumb Code     0  startup_stm32f407xx.o(.text)
    OTG_FS_IRQHandler                        0x080001b7   Thumb Code     0  startup_stm32f407xx.o(.text)
    OTG_FS_WKUP_IRQHandler                   0x080001b7   Thumb Code     0  startup_stm32f407xx.o(.text)
    OTG_HS_EP1_IN_IRQHandler                 0x080001b7   Thumb Code     0  startup_stm32f407xx.o(.text)
    OTG_HS_EP1_OUT_IRQHandler                0x080001b7   Thumb Code     0  startup_stm32f407xx.o(.text)
    OTG_HS_IRQHandler                        0x080001b7   Thumb Code     0  startup_stm32f407xx.o(.text)
    OTG_HS_WKUP_IRQHandler                   0x080001b7   Thumb Code     0  startup_stm32f407xx.o(.text)
    PVD_IRQHandler                           0x080001b7   Thumb Code     0  startup_stm32f407xx.o(.text)
    RCC_IRQHandler                           0x080001b7   Thumb Code     0  startup_stm32f407xx.o(.text)
    RTC_Alarm_IRQHandler                     0x080001b7   Thumb Code     0  startup_stm32f407xx.o(.text)
    RTC_WKUP_IRQHandler                      0x080001b7   Thumb Code     0  startup_stm32f407xx.o(.text)
    SDIO_IRQHandler                          0x080001b7   Thumb Code     0  startup_stm32f407xx.o(.text)
    SPI1_IRQHandler                          0x080001b7   Thumb Code     0  startup_stm32f407xx.o(.text)
    SPI2_IRQHandler                          0x080001b7   Thumb Code     0  startup_stm32f407xx.o(.text)
    SPI3_IRQHandler                          0x080001b7   Thumb Code     0  startup_stm32f407xx.o(.text)
    TAMP_STAMP_IRQHandler                    0x080001b7   Thumb Code     0  startup_stm32f407xx.o(.text)
    TIM1_BRK_TIM9_IRQHandler                 0x080001b7   Thumb Code     0  startup_stm32f407xx.o(.text)
    TIM1_CC_IRQHandler                       0x080001b7   Thumb Code     0  startup_stm32f407xx.o(.text)
    TIM1_TRG_COM_TIM11_IRQHandler            0x080001b7   Thumb Code     0  startup_stm32f407xx.o(.text)
    TIM1_UP_TIM10_IRQHandler                 0x080001b7   Thumb Code     0  startup_stm32f407xx.o(.text)
    TIM2_IRQHandler                          0x080001b7   Thumb Code     0  startup_stm32f407xx.o(.text)
    TIM3_IRQHandler                          0x080001b7   Thumb Code     0  startup_stm32f407xx.o(.text)
    TIM4_IRQHandler                          0x080001b7   Thumb Code     0  startup_stm32f407xx.o(.text)
    TIM5_IRQHandler                          0x080001b7   Thumb Code     0  startup_stm32f407xx.o(.text)
    TIM6_DAC_IRQHandler                      0x080001b7   Thumb Code     0  startup_stm32f407xx.o(.text)
    TIM7_IRQHandler                          0x080001b7   Thumb Code     0  startup_stm32f407xx.o(.text)
    TIM8_BRK_TIM12_IRQHandler                0x080001b7   Thumb Code     0  startup_stm32f407xx.o(.text)
    TIM8_CC_IRQHandler                       0x080001b7   Thumb Code     0  startup_stm32f407xx.o(.text)
    TIM8_TRG_COM_TIM14_IRQHandler            0x080001b7   Thumb Code     0  startup_stm32f407xx.o(.text)
    TIM8_UP_TIM13_IRQHandler                 0x080001b7   Thumb Code     0  startup_stm32f407xx.o(.text)
    UART4_IRQHandler                         0x080001b7   Thumb Code     0  startup_stm32f407xx.o(.text)
    UART5_IRQHandler                         0x080001b7   Thumb Code     0  startup_stm32f407xx.o(.text)
    USART1_IRQHandler                        0x080001b7   Thumb Code     0  startup_stm32f407xx.o(.text)
    USART2_IRQHandler                        0x080001b7   Thumb Code     0  startup_stm32f407xx.o(.text)
    USART3_IRQHandler                        0x080001b7   Thumb Code     0  startup_stm32f407xx.o(.text)
    USART6_IRQHandler                        0x080001b7   Thumb Code     0  startup_stm32f407xx.o(.text)
    WWDG_IRQHandler                          0x080001b7   Thumb Code     0  startup_stm32f407xx.o(.text)
    __aeabi_uldivmod                         0x080001c1   Thumb Code    98  uldiv.o(.text)
    rand                                     0x08000225   Thumb Code    20  rand.o(.text)
    srand                                    0x08000239   Thumb Code     6  rand.o(.text)
    __aeabi_memcpy                           0x08000249   Thumb Code    36  memcpya.o(.text)
    __aeabi_memcpy4                          0x08000249   Thumb Code     0  memcpya.o(.text)
    __aeabi_memcpy8                          0x08000249   Thumb Code     0  memcpya.o(.text)
    __aeabi_memset                           0x0800026d   Thumb Code    14  memseta.o(.text)
    __aeabi_memset4                          0x0800026d   Thumb Code     0  memseta.o(.text)
    __aeabi_memset8                          0x0800026d   Thumb Code     0  memseta.o(.text)
    __aeabi_memclr                           0x0800027b   Thumb Code     4  memseta.o(.text)
    __aeabi_memclr4                          0x0800027b   Thumb Code     0  memseta.o(.text)
    __aeabi_memclr8                          0x0800027b   Thumb Code     0  memseta.o(.text)
    _memset$wrapper                          0x0800027f   Thumb Code    18  memseta.o(.text)
    strchr                                   0x08000291   Thumb Code    20  strchr.o(.text)
    strlen                                   0x080002a5   Thumb Code    14  strlen.o(.text)
    strcmp                                   0x080002b3   Thumb Code    28  strcmp.o(.text)
    memcmp                                   0x080002cf   Thumb Code    26  memcmp.o(.text)
    strncmp                                  0x080002e9   Thumb Code    30  strncmp.o(.text)
    __aeabi_llsl                             0x08000307   Thumb Code    30  llshl.o(.text)
    _ll_shift_l                              0x08000307   Thumb Code     0  llshl.o(.text)
    __aeabi_llsr                             0x08000325   Thumb Code    32  llushr.o(.text)
    _ll_ushift_r                             0x08000325   Thumb Code     0  llushr.o(.text)
    __scatterload                            0x08000345   Thumb Code    28  init.o(.text)
    __scatterload_rt2                        0x08000345   Thumb Code     0  init.o(.text)
    BusFault_Handler                         0x08000369   Thumb Code     4  stm32f4xx_it.o(i.BusFault_Handler)
    DebugMon_Handler                         0x0800036d   Thumb Code     2  stm32f4xx_it.o(i.DebugMon_Handler)
    HAL_Delay                                0x080006c5   Thumb Code    30  stm32f4xx_hal.o(i.HAL_Delay)
    HAL_ETH_DMARxDescListInit                0x080006e3   Thumb Code   140  stm32f4xx_hal_eth.o(i.HAL_ETH_DMARxDescListInit)
    HAL_ETH_DMATxDescListInit                0x0800076f   Thumb Code   132  stm32f4xx_hal_eth.o(i.HAL_ETH_DMATxDescListInit)
    HAL_ETH_GetReceivedFrame                 0x080007f3   Thumb Code   178  stm32f4xx_hal_eth.o(i.HAL_ETH_GetReceivedFrame)
    HAL_ETH_Init                             0x080008a5   Thumb Code   642  stm32f4xx_hal_eth.o(i.HAL_ETH_Init)
    HAL_ETH_MspInit                          0x08000b45   Thumb Code   200  ethernetif.o(i.HAL_ETH_MspInit)
    HAL_ETH_ReadPHYRegister                  0x08000c21   Thumb Code   146  stm32f4xx_hal_eth.o(i.HAL_ETH_ReadPHYRegister)
    HAL_ETH_Start                            0x08000cb3   Thumb Code    82  stm32f4xx_hal_eth.o(i.HAL_ETH_Start)
    HAL_ETH_TransmitFrame                    0x08000d05   Thumb Code   318  stm32f4xx_hal_eth.o(i.HAL_ETH_TransmitFrame)
    HAL_ETH_WritePHYRegister                 0x08000e43   Thumb Code   144  stm32f4xx_hal_eth.o(i.HAL_ETH_WritePHYRegister)
    HAL_GPIO_Init                            0x08000ed5   Thumb Code   466  stm32f4xx_hal_gpio.o(i.HAL_GPIO_Init)
    HAL_GPIO_WritePin                        0x080010d5   Thumb Code    12  stm32f4xx_hal_gpio.o(i.HAL_GPIO_WritePin)
    HAL_GetTick                              0x080010e1   Thumb Code     6  stm32f4xx_hal.o(i.HAL_GetTick)
    HAL_IncTick                              0x080010ed   Thumb Code    12  stm32f4xx_hal.o(i.HAL_IncTick)
    HAL_Init                                 0x080010fd   Thumb Code    54  stm32f4xx_hal.o(i.HAL_Init)
    HAL_InitTick                             0x08001139   Thumb Code    36  stm32f4xx_hal.o(i.HAL_InitTick)
    HAL_MspInit                              0x08001161   Thumb Code    86  stm32f4xx_hal_msp.o(i.HAL_MspInit)
    HAL_NVIC_SetPriority                     0x080011b7   Thumb Code   124  stm32f4xx_hal_cortex.o(i.HAL_NVIC_SetPriority)
    HAL_NVIC_SetPriorityGrouping             0x08001235   Thumb Code    32  stm32f4xx_hal_cortex.o(i.HAL_NVIC_SetPriorityGrouping)
    HAL_RCC_ClockConfig                      0x0800125d   Thumb Code   366  stm32f4xx_hal_rcc.o(i.HAL_RCC_ClockConfig)
    HAL_RCC_GetHCLKFreq                      0x080013dd   Thumb Code     6  stm32f4xx_hal_rcc.o(i.HAL_RCC_GetHCLKFreq)
    HAL_RCC_GetSysClockFreq                  0x080013e9   Thumb Code   162  stm32f4xx_hal_rcc.o(i.HAL_RCC_GetSysClockFreq)
    HAL_RCC_OscConfig                        0x08001499   Thumb Code  1040  stm32f4xx_hal_rcc.o(i.HAL_RCC_OscConfig)
    HAL_SYSTICK_CLKSourceConfig              0x080018a9   Thumb Code    40  stm32f4xx_hal_cortex.o(i.HAL_SYSTICK_CLKSourceConfig)
    HAL_SYSTICK_Callback                     0x080018d1   Thumb Code     2  stm32f4xx_hal_cortex.o(i.HAL_SYSTICK_Callback)
    HAL_SYSTICK_Config                       0x080018d3   Thumb Code    52  stm32f4xx_hal_cortex.o(i.HAL_SYSTICK_Config)
    HAL_SYSTICK_IRQHandler                   0x08001907   Thumb Code     8  stm32f4xx_hal_cortex.o(i.HAL_SYSTICK_IRQHandler)
    HardFault_Handler                        0x0800190f   Thumb Code     4  stm32f4xx_it.o(i.HardFault_Handler)
    MX_LWIP_Init                             0x080019e1   Thumb Code    84  lwip.o(i.MX_LWIP_Init)
    MX_LWIP_Process                          0x08001a4d   Thumb Code    14  lwip.o(i.MX_LWIP_Process)
    MemManage_Handler                        0x08001a61   Thumb Code     4  stm32f4xx_it.o(i.MemManage_Handler)
    NMI_Handler                              0x08001a65   Thumb Code     2  stm32f4xx_it.o(i.NMI_Handler)
    PendSV_Handler                           0x08001aa1   Thumb Code     2  stm32f4xx_it.o(i.PendSV_Handler)
    SVC_Handler                              0x08001aa3   Thumb Code     2  stm32f4xx_it.o(i.SVC_Handler)
    SysTick_Handler                          0x08001aa5   Thumb Code    12  stm32f4xx_it.o(i.SysTick_Handler)
    SystemClock_Config                       0x08001ab1   Thumb Code   196  main.o(i.SystemClock_Config)
    SystemInit                               0x08001b8d   Thumb Code    82  system_stm32f4xx.o(i.SystemInit)
    UsageFault_Handler                       0x08001bf1   Thumb Code     4  stm32f4xx_it.o(i.UsageFault_Handler)
    _Error_Handler                           0x08001bf5   Thumb Code     4  main.o(i._Error_Handler)
    __scatterload_copy                       0x08001bf9   Thumb Code    14  handlers.o(i.__scatterload_copy)
    __scatterload_null                       0x08001c07   Thumb Code     2  handlers.o(i.__scatterload_null)
    __scatterload_zeroinit                   0x08001c09   Thumb Code    14  handlers.o(i.__scatterload_zeroinit)
    dhcp_arp_reply                           0x08001c35   Thumb Code    42  dhcp.o(i.dhcp_arp_reply)
    dhcp_coarse_tmr                          0x08001da1   Thumb Code   100  dhcp.o(i.dhcp_coarse_tmr)
    dhcp_fine_tmr                            0x0800211d   Thumb Code    54  dhcp.o(i.dhcp_fine_tmr)
    dhcp_release                             0x08002971   Thumb Code   162  dhcp.o(i.dhcp_release)
    dhcp_renew                               0x08002a1d   Thumb Code   180  dhcp.o(i.dhcp_renew)
    dhcp_start                               0x08002bed   Thumb Code   140  dhcp.o(i.dhcp_start)
    dhcp_stop                                0x08002c79   Thumb Code    44  dhcp.o(i.dhcp_stop)
    dhcp_supplied_address                    0x08002ca5   Thumb Code    34  dhcp.o(i.dhcp_supplied_address)
    etharp_cleanup_netif                     0x08002df5   Thumb Code    52  etharp.o(i.etharp_cleanup_netif)
    etharp_input                             0x08002fcd   Thumb Code   222  etharp.o(i.etharp_input)
    etharp_output                            0x080030ad   Thumb Code   296  etharp.o(i.etharp_output)
    etharp_query                             0x08003299   Thumb Code   362  etharp.o(i.etharp_query)
    etharp_request                           0x080034a5   Thumb Code    18  etharp.o(i.etharp_request)
    etharp_tmr                               0x080034e9   Thumb Code   216  etharp.o(i.etharp_tmr)
    ethernet_input                           0x08003685   Thumb Code   196  ethernet.o(i.ethernet_input)
    ethernet_output                          0x0800374d   Thumb Code    86  ethernet.o(i.ethernet_output)
    ethernetif_init                          0x080037a5   Thumb Code    38  ethernetif.o(i.ethernetif_init)
    ethernetif_input                         0x080037d5   Thumb Code    40  ethernetif.o(i.ethernetif_input)
    fs_bytes_left                            0x080037fd   Thumb Code    10  fs.o(i.fs_bytes_left)
    fs_close                                 0x08003807   Thumb Code     2  fs.o(i.fs_close)
    fs_open                                  0x08003809   Thumb Code    64  fs.o(i.fs_open)
    httpd_init                               0x08003f81   Thumb Code    62  httpd.o(i.httpd_init)
    icmp_dest_unreach                        0x08003fc9   Thumb Code    18  icmp.o(i.icmp_dest_unreach)
    icmp_input                               0x08003fdd   Thumb Code   372  icmp.o(i.icmp_input)
    icmp_time_exceeded                       0x080041c9   Thumb Code    18  icmp.o(i.icmp_time_exceeded)
    ip4_addr_isbroadcast_u32                 0x080041db   Thumb Code    78  ip4_addr.o(i.ip4_addr_isbroadcast_u32)
    ip4_frag                                 0x08004229   Thumb Code   444  ip4_frag.o(i.ip4_frag)
    ip4_input                                0x080043e9   Thumb Code   482  ip4.o(i.ip4_input)
    ip4_output_if                            0x080045d5   Thumb Code    54  ip4.o(i.ip4_output_if)
    ip4_output_if_src                        0x0800460d   Thumb Code   190  ip4.o(i.ip4_output_if_src)
    ip4_reass                                0x080046d5   Thumb Code   408  ip4_frag.o(i.ip4_reass)
    ip4_route                                0x08004875   Thumb Code   134  ip4.o(i.ip4_route)
    ip_reass_tmr                             0x08004c35   Thumb Code    48  ip4_frag.o(i.ip_reass_tmr)
    lwip_htonl                               0x08004f85   Thumb Code    26  def.o(i.lwip_htonl)
    lwip_htons                               0x08004f9f   Thumb Code    12  def.o(i.lwip_htons)
    lwip_init                                0x08004fab   Thumb Code    32  init.o(i.lwip_init)
    lwip_strnstr                             0x08004fcb   Thumb Code    74  def.o(i.lwip_strnstr)
    main                                     0x08005015   Thumb Code    28  main.o(i.main)
    mem_free                                 0x08005031   Thumb Code    68  mem.o(i.mem_free)
    mem_init                                 0x08005081   Thumb Code    74  mem.o(i.mem_init)
    mem_malloc                               0x080050dd   Thumb Code   222  mem.o(i.mem_malloc)
    mem_trim                                 0x080051c9   Thumb Code   288  mem.o(i.mem_trim)
    memp_free                                0x080052f5   Thumb Code    36  memp.o(i.memp_free)
    memp_init                                0x0800531d   Thumb Code    26  memp.o(i.memp_init)
    memp_init_pool                           0x0800533d   Thumb Code    44  memp.o(i.memp_init_pool)
    memp_malloc                              0x08005369   Thumb Code    32  memp.o(i.memp_malloc)
    netif_add                                0x0800538d   Thumb Code   108  netif.o(i.netif_add)
    netif_init                               0x08005401   Thumb Code     2  netif.o(i.netif_init)
    netif_set_addr                           0x08005427   Thumb Code    72  netif.o(i.netif_set_addr)
    netif_set_default                        0x08005471   Thumb Code     6  netif.o(i.netif_set_default)
    netif_set_down                           0x0800547d   Thumb Code    42  netif.o(i.netif_set_down)
    netif_set_gw                             0x080054a7   Thumb Code    12  netif.o(i.netif_set_gw)
    netif_set_ipaddr                         0x080054b5   Thumb Code    72  netif.o(i.netif_set_ipaddr)
    netif_set_netmask                        0x08005501   Thumb Code    12  netif.o(i.netif_set_netmask)
    netif_set_up                             0x0800550d   Thumb Code    44  netif.o(i.netif_set_up)
    pbuf_alloc                               0x08005539   Thumb Code   404  pbuf.o(i.pbuf_alloc)
    pbuf_alloced_custom                      0x080056cd   Thumb Code   110  pbuf.o(i.pbuf_alloced_custom)
    pbuf_cat                                 0x0800573b   Thumb Code    56  pbuf.o(i.pbuf_cat)
    pbuf_chain                               0x08005773   Thumb Code    22  pbuf.o(i.pbuf_chain)
    pbuf_clen                                0x08005789   Thumb Code    18  pbuf.o(i.pbuf_clen)
    pbuf_copy                                0x0800579b   Thumb Code   192  pbuf.o(i.pbuf_copy)
    pbuf_copy_partial                        0x0800585b   Thumb Code   146  pbuf.o(i.pbuf_copy_partial)
    pbuf_free                                0x080058ed   Thumb Code   134  pbuf.o(i.pbuf_free)
    pbuf_free_ooseq                          0x08005975   Thumb Code    44  pbuf.o(i.pbuf_free_ooseq)
    pbuf_header                              0x080059a9   Thumb Code    18  pbuf.o(i.pbuf_header)
    pbuf_header_force                        0x080059bb   Thumb Code    18  pbuf.o(i.pbuf_header_force)
    pbuf_realloc                             0x08005a6d   Thumb Code   128  pbuf.o(i.pbuf_realloc)
    pbuf_ref                                 0x08005aed   Thumb Code    14  pbuf.o(i.pbuf_ref)
    sys_check_timeouts                       0x08005b85   Thumb Code   114  timeouts.o(i.sys_check_timeouts)
    sys_now                                  0x08005c05   Thumb Code     8  ethernetif.o(i.sys_now)
    sys_timeout                              0x08005c0d   Thumb Code   206  timeouts.o(i.sys_timeout)
    sys_timeouts_init                        0x08005ce5   Thumb Code    38  timeouts.o(i.sys_timeouts_init)
    tcp_abandon                              0x08005d19   Thumb Code   226  tcp.o(i.tcp_abandon)
    tcp_abort                                0x08005e0d   Thumb Code    14  tcp.o(i.tcp_abort)
    tcp_accept                               0x08005e1b   Thumb Code    16  tcp.o(i.tcp_accept)
    tcp_alloc                                0x08005e41   Thumb Code   176  tcp.o(i.tcp_alloc)
    tcp_arg                                  0x08005f01   Thumb Code     6  tcp.o(i.tcp_arg)
    tcp_bind                                 0x08005f09   Thumb Code   164  tcp.o(i.tcp_bind)
    tcp_close                                0x08005fb9   Thumb Code    28  tcp.o(i.tcp_close)
    tcp_eff_send_mss_impl                    0x0800623f   Thumb Code    58  tcp.o(i.tcp_eff_send_mss_impl)
    tcp_enqueue_flags                        0x08006279   Thumb Code   270  tcp_out.o(i.tcp_enqueue_flags)
    tcp_err                                  0x08006387   Thumb Code    12  tcp.o(i.tcp_err)
    tcp_fasttmr                              0x08006395   Thumb Code   108  tcp.o(i.tcp_fasttmr)
    tcp_init                                 0x08006465   Thumb Code     2  tcp.o(i.tcp_init)
    tcp_input                                0x08006469   Thumb Code  1254  tcp_in.o(i.tcp_input)
    tcp_keepalive                            0x08006971   Thumb Code    90  tcp_out.o(i.tcp_keepalive)
    tcp_listen_with_backlog                  0x08006c19   Thumb Code   168  tcp.o(i.tcp_listen_with_backlog)
    tcp_netif_ip_addr_changed                0x08006ccd   Thumb Code    70  tcp.o(i.tcp_netif_ip_addr_changed)
    tcp_new_ip_type                          0x08006d4b   Thumb Code    16  tcp.o(i.tcp_new_ip_type)
    tcp_next_iss                             0x08006dc5   Thumb Code    20  tcp.o(i.tcp_next_iss)
    tcp_output                               0x08006e71   Thumb Code   534  tcp_out.o(i.tcp_output)
    tcp_pcb_purge                            0x080072dd   Thumb Code    72  tcp.o(i.tcp_pcb_purge)
    tcp_pcb_remove                           0x08007325   Thumb Code   124  tcp.o(i.tcp_pcb_remove)
    tcp_poll                                 0x080073a1   Thumb Code    12  tcp.o(i.tcp_poll)
    tcp_process_refused_data                 0x08007969   Thumb Code   148  tcp.o(i.tcp_process_refused_data)
    tcp_recv                                 0x080083ad   Thumb Code    12  tcp.o(i.tcp_recv)
    tcp_recv_null                            0x080083b9   Thumb Code    46  tcp.o(i.tcp_recv_null)
    tcp_recved                               0x080083e7   Thumb Code    94  tcp.o(i.tcp_recved)
    tcp_rexmit                               0x0800845d   Thumb Code    90  tcp_out.o(i.tcp_rexmit)
    tcp_rexmit_fast                          0x080084b7   Thumb Code   116  tcp_out.o(i.tcp_rexmit_fast)
    tcp_rexmit_rto                           0x0800852b   Thumb Code    58  tcp_out.o(i.tcp_rexmit_rto)
    tcp_rst                                  0x08008565   Thumb Code   136  tcp_out.o(i.tcp_rst)
    tcp_seg_copy                             0x080085ed   Thumb Code    36  tcp.o(i.tcp_seg_copy)
    tcp_seg_free                             0x08008611   Thumb Code    26  tcp.o(i.tcp_seg_free)
    tcp_segs_free                            0x0800862b   Thumb Code    24  tcp.o(i.tcp_segs_free)
    tcp_send_empty_ack                       0x08008643   Thumb Code   118  tcp_out.o(i.tcp_send_empty_ack)
    tcp_send_fin                             0x080086b9   Thumb Code    74  tcp_out.o(i.tcp_send_fin)
    tcp_sent                                 0x08008703   Thumb Code    10  tcp.o(i.tcp_sent)
    tcp_setprio                              0x0800870d   Thumb Code     4  tcp.o(i.tcp_setprio)
    tcp_slowtmr                              0x08008711   Thumb Code   844  tcp.o(i.tcp_slowtmr)
    tcp_timer_needed                         0x08008a7d   Thumb Code    38  timeouts.o(i.tcp_timer_needed)
    tcp_tmr                                  0x08008b59   Thumb Code    30  tcp.o(i.tcp_tmr)
    tcp_trigger_input_pcb_close              0x08008b7d   Thumb Code    14  tcp_in.o(i.tcp_trigger_input_pcb_close)
    tcp_update_rcv_ann_wnd                   0x08008b91   Thumb Code    78  tcp.o(i.tcp_update_rcv_ann_wnd)
    tcp_write                                0x08008bdf   Thumb Code   956  tcp_out.o(i.tcp_write)
    tcp_zero_window_probe                    0x0800900b   Thumb Code   222  tcp_out.o(i.tcp_zero_window_probe)
    udp_bind                                 0x08009121   Thumb Code   140  udp.o(i.udp_bind)
    udp_connect                              0x080091b5   Thumb Code   106  udp.o(i.udp_connect)
    udp_init                                 0x08009225   Thumb Code     2  udp.o(i.udp_init)
    udp_input                                0x08009229   Thumb Code   308  udp.o(i.udp_input)
    udp_netif_ip_addr_changed                0x080093ad   Thumb Code    42  udp.o(i.udp_netif_ip_addr_changed)
    udp_new                                  0x080093dd   Thumb Code    28  udp.o(i.udp_new)
    udp_recv                                 0x08009451   Thumb Code     6  udp.o(i.udp_recv)
    udp_remove                               0x08009459   Thumb Code    64  udp.o(i.udp_remove)
    udp_sendto_if                            0x0800949d   Thumb Code    82  udp.o(i.udp_sendto_if)
    udp_sendto_if_src                        0x080094ef   Thumb Code   190  udp.o(i.udp_sendto_if_src)
    memp_UDP_PCB                             0x080095ac   Data          12  memp.o(.constdata)
    memp_TCP_PCB                             0x080095b8   Data          12  memp.o(.constdata)
    memp_TCP_PCB_LISTEN                      0x080095c4   Data          12  memp.o(.constdata)
    memp_TCP_SEG                             0x080095d0   Data          12  memp.o(.constdata)
    memp_REASSDATA                           0x080095dc   Data          12  memp.o(.constdata)
    memp_FRAG_PBUF                           0x080095e8   Data          12  memp.o(.constdata)
    memp_SYS_TIMEOUT                         0x080095f4   Data          12  memp.o(.constdata)
    memp_PBUF                                0x08009600   Data          12  memp.o(.constdata)
    memp_PBUF_POOL                           0x0800960c   Data          12  memp.o(.constdata)
    memp_pools                               0x08009618   Data          36  memp.o(.constdata)
    file__img_sics_gif                       0x0800a394   Data          20  fs.o(.constdata)
    file__404_html                           0x0800a3a8   Data          20  fs.o(.constdata)
    file__index_html                         0x0800a3bc   Data          20  fs.o(.constdata)
    g_psDefaultFilenames                     0x0800a3d0   Data          40  httpd.o(.constdata)
    lwip_cyclic_timers                       0x0800a3f8   Data          40  timeouts.o(.constdata)
    ip_addr_any                              0x0800a420   Data           4  ip4_addr.o(.constdata)
    ip_addr_broadcast                        0x0800a424   Data           4  ip4_addr.o(.constdata)
    tcp_pcb_lists                            0x0800a468   Data          16  tcp.o(.constdata)
    ethbroadcast                             0x0800a478   Data           6  ethernet.o(.constdata)
    ethzero                                  0x0800a47e   Data           6  ethernet.o(.constdata)
    AHBPrescTable                            0x0800a484   Data          16  system_stm32f4xx.o(.constdata)
    APBPrescTable                            0x0800a494   Data           8  system_stm32f4xx.o(.constdata)
    Region$$Table$$Base                      0x0800a554   Number         0  anon$$obj.o(Region$$Table)
    Region$$Table$$Limit                     0x0800a574   Number         0  anon$$obj.o(Region$$Table)
    tcp_input_pcb                            0x2000006c   Data           4  tcp_in.o(.data)
    pbuf_free_ooseq_pending                  0x2000007c   Data           1  pbuf.o(.data)
    tcp_ticks                                0x20000084   Data           4  tcp.o(.data)
    tcp_bound_pcbs                           0x20000088   Data           4  tcp.o(.data)
    tcp_listen_pcbs                          0x2000008c   Data           4  tcp.o(.data)
    tcp_active_pcbs                          0x20000090   Data           4  tcp.o(.data)
    tcp_tw_pcbs                              0x20000094   Data           4  tcp.o(.data)
    tcp_active_pcbs_changed                  0x20000098   Data           1  tcp.o(.data)
    udp_pcbs                                 0x200000a8   Data           4  udp.o(.data)
    netif_list                               0x200000ac   Data           4  netif.o(.data)
    netif_default                            0x200000b0   Data           4  netif.o(.data)
    uwTick                                   0x200000b8   Data           4  stm32f4xx_hal.o(.data)
    DHCPfineTimer                            0x200000bc   Data           4  lwip.o(.data)
    DHCPcoarseTimer                          0x200000c0   Data           4  lwip.o(.data)
    ipaddr                                   0x200000c4   Data           4  lwip.o(.data)
    netmask                                  0x200000c8   Data           4  lwip.o(.data)
    gw                                       0x200000cc   Data           4  lwip.o(.data)
    SystemCoreClock                          0x200000d0   Data           4  system_stm32f4xx.o(.data)
    memp_memory_UDP_PCB_base                 0x200000d8   Data         131  memp.o(.bss)
    memp_memory_TCP_PCB_base                 0x2000015b   Data         763  memp.o(.bss)
    memp_memory_TCP_PCB_LISTEN_base          0x20000456   Data         227  memp.o(.bss)
    memp_memory_TCP_SEG_base                 0x20000539   Data         259  memp.o(.bss)
    memp_memory_REASSDATA_base               0x2000063c   Data         163  memp.o(.bss)
    memp_memory_FRAG_PBUF_base               0x200006df   Data         363  memp.o(.bss)
    memp_memory_SYS_TIMEOUT_base             0x2000084a   Data          83  memp.o(.bss)
    memp_memory_PBUF_base                    0x2000089d   Data         259  memp.o(.bss)
    memp_memory_PBUF_POOL_base               0x200009a0   Data        9731  memp.o(.bss)
    dhcp_rx_options_val                      0x20002fa4   Data          40  dhcp.o(.bss)
    dhcp_rx_options_given                    0x20002fcc   Data          10  dhcp.o(.bss)
    ram_heap                                 0x20002fd6   Data        1619  mem.o(.bss)
    ip_data                                  0x20003a7c   Data          24  ip.o(.bss)
    DMARxDscrTab                             0x20003b84   Data         128  ethernetif.o(.bss)
    DMATxDscrTab                             0x20003c04   Data         128  ethernetif.o(.bss)
    Rx_Buff                                  0x20003c84   Data        6096  ethernetif.o(.bss)
    Tx_Buff                                  0x20005454   Data        6096  ethernetif.o(.bss)
    heth                                     0x20006c24   Data          72  ethernetif.o(.bss)
    gnetif                                   0x20006c6c   Data          52  lwip.o(.bss)
    __initial_sp                             0x200070a0   Data           0  startup_stm32f407xx.o(STACK)



==============================================================================

Memory Map of the image

  Image Entry point : 0x08000189

  Load Region LR_IROM1 (Base: 0x08000000, Size: 0x0000a64c, Max: 0x00100000, ABSOLUTE)

    Execution Region ER_IROM1 (Exec base: 0x08000000, Load base: 0x08000000, Size: 0x0000a574, Max: 0x00100000, ABSOLUTE)

    Exec Addr    Load Addr    Size         Type   Attr      Idx    E Section Name        Object

    0x08000000   0x08000000   0x00000188   Data   RO         4619    RESET               startup_stm32f407xx.o
    0x08000188   0x08000188   0x00000000   Code   RO         4944  * .ARM.Collect$$$$00000000  mc_w.l(entry.o)
    0x08000188   0x08000188   0x00000004   Code   RO         4968    .ARM.Collect$$$$00000001  mc_w.l(entry2.o)
    0x0800018c   0x0800018c   0x00000004   Code   RO         4971    .ARM.Collect$$$$00000004  mc_w.l(entry5.o)
    0x08000190   0x08000190   0x00000000   Code   RO         4973    .ARM.Collect$$$$00000008  mc_w.l(entry7b.o)
    0x08000190   0x08000190   0x00000000   Code   RO         4975    .ARM.Collect$$$$0000000A  mc_w.l(entry8b.o)
    0x08000190   0x08000190   0x00000008   Code   RO         4976    .ARM.Collect$$$$0000000B  mc_w.l(entry9a.o)
    0x08000198   0x08000198   0x00000000   Code   RO         4978    .ARM.Collect$$$$0000000D  mc_w.l(entry10a.o)
    0x08000198   0x08000198   0x00000000   Code   RO         4980    .ARM.Collect$$$$0000000F  mc_w.l(entry11a.o)
    0x08000198   0x08000198   0x00000004   Code   RO         4969    .ARM.Collect$$$$00002712  mc_w.l(entry2.o)
    0x0800019c   0x0800019c   0x00000024   Code   RO         4620    .text               startup_stm32f407xx.o
    0x080001c0   0x080001c0   0x00000062   Code   RO         4947    .text               mc_w.l(uldiv.o)
    0x08000222   0x08000222   0x00000002   PAD
    0x08000224   0x08000224   0x00000024   Code   RO         4949    .text               mc_w.l(rand.o)
    0x08000248   0x08000248   0x00000024   Code   RO         4952    .text               mc_w.l(memcpya.o)
    0x0800026c   0x0800026c   0x00000024   Code   RO         4954    .text               mc_w.l(memseta.o)
    0x08000290   0x08000290   0x00000014   Code   RO         4956    .text               mc_w.l(strchr.o)
    0x080002a4   0x080002a4   0x0000000e   Code   RO         4958    .text               mc_w.l(strlen.o)
    0x080002b2   0x080002b2   0x0000001c   Code   RO         4960    .text               mc_w.l(strcmp.o)
    0x080002ce   0x080002ce   0x0000001a   Code   RO         4962    .text               mc_w.l(memcmp.o)
    0x080002e8   0x080002e8   0x0000001e   Code   RO         4964    .text               mc_w.l(strncmp.o)
    0x08000306   0x08000306   0x0000001e   Code   RO         4982    .text               mc_w.l(llshl.o)
    0x08000324   0x08000324   0x00000020   Code   RO         4984    .text               mc_w.l(llushr.o)
    0x08000344   0x08000344   0x00000024   Code   RO         4986    .text               mc_w.l(init.o)
    0x08000368   0x08000368   0x00000004   Code   RO         4770    i.BusFault_Handler  stm32f4xx_it.o
    0x0800036c   0x0800036c   0x00000002   Code   RO         4771    i.DebugMon_Handler  stm32f4xx_it.o
    0x0800036e   0x0800036e   0x00000016   Code   RO         4017    i.ETH_DMAReceptionEnable  stm32f4xx_hal_eth.o
    0x08000384   0x08000384   0x00000016   Code   RO         4019    i.ETH_DMATransmissionEnable  stm32f4xx_hal_eth.o
    0x0800039a   0x0800039a   0x00000002   PAD
    0x0800039c   0x0800039c   0x00000028   Code   RO         4020    i.ETH_Delay         stm32f4xx_hal_eth.o
    0x080003c4   0x080003c4   0x00000038   Code   RO         4021    i.ETH_FlushTransmitFIFO  stm32f4xx_hal_eth.o
    0x080003fc   0x080003fc   0x00000034   Code   RO         4022    i.ETH_MACAddressConfig  stm32f4xx_hal_eth.o
    0x08000430   0x08000430   0x00000244   Code   RO         4023    i.ETH_MACDMAConfig  stm32f4xx_hal_eth.o
    0x08000674   0x08000674   0x00000028   Code   RO         4025    i.ETH_MACReceptionEnable  stm32f4xx_hal_eth.o
    0x0800069c   0x0800069c   0x00000028   Code   RO         4027    i.ETH_MACTransmissionEnable  stm32f4xx_hal_eth.o
    0x080006c4   0x080006c4   0x0000001e   Code   RO         3586    i.HAL_Delay         stm32f4xx_hal.o
    0x080006e2   0x080006e2   0x0000008c   Code   RO         4030    i.HAL_ETH_DMARxDescListInit  stm32f4xx_hal_eth.o
    0x0800076e   0x0800076e   0x00000084   Code   RO         4031    i.HAL_ETH_DMATxDescListInit  stm32f4xx_hal_eth.o
    0x080007f2   0x080007f2   0x000000b2   Code   RO         4034    i.HAL_ETH_GetReceivedFrame  stm32f4xx_hal_eth.o
    0x080008a4   0x080008a4   0x000002a0   Code   RO         4038    i.HAL_ETH_Init      stm32f4xx_hal_eth.o
    0x08000b44   0x08000b44   0x000000dc   Code   RO         4628    i.HAL_ETH_MspInit   ethernetif.o
    0x08000c20   0x08000c20   0x00000092   Code   RO         4041    i.HAL_ETH_ReadPHYRegister  stm32f4xx_hal_eth.o
    0x08000cb2   0x08000cb2   0x00000052   Code   RO         4043    i.HAL_ETH_Start     stm32f4xx_hal_eth.o
    0x08000d04   0x08000d04   0x0000013e   Code   RO         4045    i.HAL_ETH_TransmitFrame  stm32f4xx_hal_eth.o
    0x08000e42   0x08000e42   0x00000090   Code   RO         4047    i.HAL_ETH_WritePHYRegister  stm32f4xx_hal_eth.o
    0x08000ed2   0x08000ed2   0x00000002   PAD
    0x08000ed4   0x08000ed4   0x00000200   Code   RO         4485    i.HAL_GPIO_Init     stm32f4xx_hal_gpio.o
    0x080010d4   0x080010d4   0x0000000c   Code   RO         4489    i.HAL_GPIO_WritePin  stm32f4xx_hal_gpio.o
    0x080010e0   0x080010e0   0x0000000c   Code   RO         3592    i.HAL_GetTick       stm32f4xx_hal.o
    0x080010ec   0x080010ec   0x00000010   Code   RO         3594    i.HAL_IncTick       stm32f4xx_hal.o
    0x080010fc   0x080010fc   0x0000003c   Code   RO         3595    i.HAL_Init          stm32f4xx_hal.o
    0x08001138   0x08001138   0x00000028   Code   RO         3596    i.HAL_InitTick      stm32f4xx_hal.o
    0x08001160   0x08001160   0x00000056   Code   RO         4845    i.HAL_MspInit       stm32f4xx_hal_msp.o
    0x080011b6   0x080011b6   0x0000007c   Code   RO         3450    i.HAL_NVIC_SetPriority  stm32f4xx_hal_cortex.o
    0x08001232   0x08001232   0x00000002   PAD
    0x08001234   0x08001234   0x00000028   Code   RO         3451    i.HAL_NVIC_SetPriorityGrouping  stm32f4xx_hal_cortex.o
    0x0800125c   0x0800125c   0x00000180   Code   RO         3792    i.HAL_RCC_ClockConfig  stm32f4xx_hal_rcc.o
    0x080013dc   0x080013dc   0x0000000c   Code   RO         3797    i.HAL_RCC_GetHCLKFreq  stm32f4xx_hal_rcc.o
    0x080013e8   0x080013e8   0x000000b0   Code   RO         3801    i.HAL_RCC_GetSysClockFreq  stm32f4xx_hal_rcc.o
    0x08001498   0x08001498   0x00000410   Code   RO         3804    i.HAL_RCC_OscConfig  stm32f4xx_hal_rcc.o
    0x080018a8   0x080018a8   0x00000028   Code   RO         3453    i.HAL_SYSTICK_CLKSourceConfig  stm32f4xx_hal_cortex.o
    0x080018d0   0x080018d0   0x00000002   Code   RO         3454    i.HAL_SYSTICK_Callback  stm32f4xx_hal_cortex.o
    0x080018d2   0x080018d2   0x00000034   Code   RO         3455    i.HAL_SYSTICK_Config  stm32f4xx_hal_cortex.o
    0x08001906   0x08001906   0x00000008   Code   RO         3456    i.HAL_SYSTICK_IRQHandler  stm32f4xx_hal_cortex.o
    0x0800190e   0x0800190e   0x00000004   Code   RO         4772    i.HardFault_Handler  stm32f4xx_it.o
    0x08001912   0x08001912   0x00000002   PAD
    0x08001914   0x08001914   0x000000cc   Code   RO         4869    i.MX_GPIO_Init      main.o
    0x080019e0   0x080019e0   0x0000006c   Code   RO         4708    i.MX_LWIP_Init      lwip.o
    0x08001a4c   0x08001a4c   0x00000014   Code   RO         4709    i.MX_LWIP_Process   lwip.o
    0x08001a60   0x08001a60   0x00000004   Code   RO         4773    i.MemManage_Handler  stm32f4xx_it.o
    0x08001a64   0x08001a64   0x00000002   Code   RO         4774    i.NMI_Handler       stm32f4xx_it.o
    0x08001a66   0x08001a66   0x00000002   PAD
    0x08001a68   0x08001a68   0x00000010   Code   RO         3457    i.NVIC_GetPriorityGrouping  stm32f4xx_hal_cortex.o
    0x08001a78   0x08001a78   0x00000028   Code   RO         3458    i.NVIC_SetPriority  stm32f4xx_hal_cortex.o
    0x08001aa0   0x08001aa0   0x00000002   Code   RO         4775    i.PendSV_Handler    stm32f4xx_it.o
    0x08001aa2   0x08001aa2   0x00000002   Code   RO         4776    i.SVC_Handler       stm32f4xx_it.o
    0x08001aa4   0x08001aa4   0x0000000c   Code   RO         4777    i.SysTick_Handler   stm32f4xx_it.o
    0x08001ab0   0x08001ab0   0x000000dc   Code   RO         4870    i.SystemClock_Config  main.o
    0x08001b8c   0x08001b8c   0x00000064   Code   RO         4911    i.SystemInit        system_stm32f4xx.o
    0x08001bf0   0x08001bf0   0x00000004   Code   RO         4778    i.UsageFault_Handler  stm32f4xx_it.o
    0x08001bf4   0x08001bf4   0x00000004   Code   RO         4871    i._Error_Handler    main.o
    0x08001bf8   0x08001bf8   0x0000000e   Code   RO         4990    i.__scatterload_copy  mc_w.l(handlers.o)
    0x08001c06   0x08001c06   0x00000002   Code   RO         4991    i.__scatterload_null  mc_w.l(handlers.o)
    0x08001c08   0x08001c08   0x0000000e   Code   RO         4992    i.__scatterload_zeroinit  mc_w.l(handlers.o)
    0x08001c16   0x08001c16   0x00000002   PAD
    0x08001c18   0x08001c18   0x0000001c   Code   RO         1777    i.cyclic_timer      timeouts.o
    0x08001c34   0x08001c34   0x0000002a   Code   RO         1170    i.dhcp_arp_reply    dhcp.o
    0x08001c5e   0x08001c5e   0x00000102   Code   RO         1171    i.dhcp_bind         dhcp.o
    0x08001d60   0x08001d60   0x0000003e   Code   RO         1172    i.dhcp_check        dhcp.o
    0x08001d9e   0x08001d9e   0x00000002   PAD
    0x08001da0   0x08001da0   0x00000068   Code   RO         1174    i.dhcp_coarse_tmr   dhcp.o
    0x08001e08   0x08001e08   0x00000150   Code   RO         1175    i.dhcp_create_msg   dhcp.o
    0x08001f58   0x08001f58   0x00000030   Code   RO         1176    i.dhcp_dec_pcb_refcount  dhcp.o
    0x08001f88   0x08001f88   0x00000098   Code   RO         1177    i.dhcp_decline      dhcp.o
    0x08002020   0x08002020   0x00000028   Code   RO         1178    i.dhcp_delete_msg   dhcp.o
    0x08002048   0x08002048   0x000000d4   Code   RO         1179    i.dhcp_discover     dhcp.o
    0x0800211c   0x0800211c   0x0000003c   Code   RO         1180    i.dhcp_fine_tmr     dhcp.o
    0x08002158   0x08002158   0x00000080   Code   RO         1181    i.dhcp_handle_ack   dhcp.o
    0x080021d8   0x080021d8   0x00000028   Code   RO         1182    i.dhcp_handle_nak   dhcp.o
    0x08002200   0x08002200   0x0000002c   Code   RO         1183    i.dhcp_handle_offer  dhcp.o
    0x0800222c   0x0800222c   0x00000074   Code   RO         1184    i.dhcp_inc_pcb_refcount  dhcp.o
    0x080022a0   0x080022a0   0x00000020   Code   RO         1187    i.dhcp_option       dhcp.o
    0x080022c0   0x080022c0   0x00000012   Code   RO         1188    i.dhcp_option_byte  dhcp.o
    0x080022d2   0x080022d2   0x00000042   Code   RO         1189    i.dhcp_option_long  dhcp.o
    0x08002314   0x08002314   0x00000022   Code   RO         1190    i.dhcp_option_short  dhcp.o
    0x08002336   0x08002336   0x00000046   Code   RO         1191    i.dhcp_option_trailer  dhcp.o
    0x0800237c   0x0800237c   0x00000324   Code   RO         1192    i.dhcp_parse_reply  dhcp.o
    0x080026a0   0x080026a0   0x000000c0   Code   RO         1193    i.dhcp_rebind       dhcp.o
    0x08002760   0x08002760   0x000000dc   Code   RO         1194    i.dhcp_reboot       dhcp.o
    0x0800283c   0x0800283c   0x00000134   Code   RO         1195    i.dhcp_recv         dhcp.o
    0x08002970   0x08002970   0x000000ac   Code   RO         1196    i.dhcp_release      dhcp.o
    0x08002a1c   0x08002a1c   0x000000bc   Code   RO         1197    i.dhcp_renew        dhcp.o
    0x08002ad8   0x08002ad8   0x00000104   Code   RO         1198    i.dhcp_select       dhcp.o
    0x08002bdc   0x08002bdc   0x00000010   Code   RO         1199    i.dhcp_set_state    dhcp.o
    0x08002bec   0x08002bec   0x0000008c   Code   RO         1201    i.dhcp_start        dhcp.o
    0x08002c78   0x08002c78   0x0000002c   Code   RO         1202    i.dhcp_stop         dhcp.o
    0x08002ca4   0x08002ca4   0x00000022   Code   RO         1203    i.dhcp_supplied_address  dhcp.o
    0x08002cc6   0x08002cc6   0x00000042   Code   RO         1204    i.dhcp_t1_timeout   dhcp.o
    0x08002d08   0x08002d08   0x00000048   Code   RO         1205    i.dhcp_t2_timeout   dhcp.o
    0x08002d50   0x08002d50   0x00000074   Code   RO         1206    i.dhcp_timeout      dhcp.o
    0x08002dc4   0x08002dc4   0x00000014   Code   RO            4    i.do_memp_free_pool  memp.o
    0x08002dd8   0x08002dd8   0x0000001a   Code   RO            5    i.do_memp_malloc_pool  memp.o
    0x08002df2   0x08002df2   0x00000002   PAD
    0x08002df4   0x08002df4   0x00000038   Code   RO         2669    i.etharp_cleanup_netif  etharp.o
    0x08002e2c   0x08002e2c   0x00000160   Code   RO         2671    i.etharp_find_entry  etharp.o
    0x08002f8c   0x08002f8c   0x00000040   Code   RO         2672    i.etharp_free_entry  etharp.o
    0x08002fcc   0x08002fcc   0x000000de   Code   RO         2674    i.etharp_input      etharp.o
    0x080030aa   0x080030aa   0x00000002   PAD
    0x080030ac   0x080030ac   0x00000134   Code   RO         2675    i.etharp_output     etharp.o
    0x080031e0   0x080031e0   0x000000b8   Code   RO         2676    i.etharp_output_to_arp_index  etharp.o
    0x08003298   0x08003298   0x00000174   Code   RO         2677    i.etharp_query      etharp.o
    0x0800340c   0x0800340c   0x00000098   Code   RO         2678    i.etharp_raw        etharp.o
    0x080034a4   0x080034a4   0x00000018   Code   RO         2679    i.etharp_request    etharp.o
    0x080034bc   0x080034bc   0x0000002c   Code   RO         2680    i.etharp_request_dst  etharp.o
    0x080034e8   0x080034e8   0x000000dc   Code   RO         2681    i.etharp_tmr        etharp.o
    0x080035c4   0x080035c4   0x000000c0   Code   RO         2682    i.etharp_update_arp_entry  etharp.o
    0x08003684   0x08003684   0x000000c8   Code   RO         2847    i.ethernet_input    ethernet.o
    0x0800374c   0x0800374c   0x00000056   Code   RO         2848    i.ethernet_output   ethernet.o
    0x080037a2   0x080037a2   0x00000002   PAD
    0x080037a4   0x080037a4   0x00000030   Code   RO         4629    i.ethernetif_init   ethernetif.o
    0x080037d4   0x080037d4   0x00000028   Code   RO         4630    i.ethernetif_input  ethernetif.o
    0x080037fc   0x080037fc   0x0000000a   Code   RO          702    i.fs_bytes_left     fs.o
    0x08003806   0x08003806   0x00000002   Code   RO          703    i.fs_close          fs.o
    0x08003808   0x08003808   0x00000044   Code   RO          704    i.fs_open           fs.o
    0x0800384c   0x0800384c   0x0000006c   Code   RO         1615    i.http_accept       httpd.o
    0x080038b8   0x080038b8   0x00000036   Code   RO         1616    i.http_check_eof    httpd.o
    0x080038ee   0x080038ee   0x00000012   Code   RO         1617    i.http_close_conn   httpd.o
    0x08003900   0x08003900   0x00000068   Code   RO         1618    i.http_close_or_abort_conn  httpd.o
    0x08003968   0x08003968   0x00000010   Code   RO         1619    i.http_eof          httpd.o
    0x08003978   0x08003978   0x00000012   Code   RO         1620    i.http_err          httpd.o
    0x0800398a   0x0800398a   0x00000002   PAD
    0x0800398c   0x0800398c   0x00000128   Code   RO         1621    i.http_find_file    httpd.o
    0x08003ab4   0x08003ab4   0x00000064   Code   RO         1622    i.http_get_404_file  httpd.o
    0x08003b18   0x08003b18   0x00000078   Code   RO         1623    i.http_init_file    httpd.o
    0x08003b90   0x08003b90   0x00000150   Code   RO         1624    i.http_parse_request  httpd.o
    0x08003ce0   0x08003ce0   0x00000052   Code   RO         1625    i.http_poll         httpd.o
    0x08003d32   0x08003d32   0x00000090   Code   RO         1626    i.http_recv         httpd.o
    0x08003dc2   0x08003dc2   0x00000048   Code   RO         1627    i.http_send         httpd.o
    0x08003e0a   0x08003e0a   0x0000006a   Code   RO         1628    i.http_send_data_nonssi  httpd.o
    0x08003e74   0x08003e74   0x00000026   Code   RO         1629    i.http_sent         httpd.o
    0x08003e9a   0x08003e9a   0x00000016   Code   RO         1630    i.http_state_alloc  httpd.o
    0x08003eb0   0x08003eb0   0x00000022   Code   RO         1631    i.http_state_eof    httpd.o
    0x08003ed2   0x08003ed2   0x00000014   Code   RO         1632    i.http_state_free   httpd.o
    0x08003ee6   0x08003ee6   0x0000000e   Code   RO         1633    i.http_state_init   httpd.o
    0x08003ef4   0x08003ef4   0x0000008a   Code   RO         1634    i.http_write        httpd.o
    0x08003f7e   0x08003f7e   0x00000002   PAD
    0x08003f80   0x08003f80   0x00000048   Code   RO         1635    i.httpd_init        httpd.o
    0x08003fc8   0x08003fc8   0x00000012   Code   RO         2883    i.icmp_dest_unreach  icmp.o
    0x08003fda   0x08003fda   0x00000002   PAD
    0x08003fdc   0x08003fdc   0x00000178   Code   RO         2884    i.icmp_input        icmp.o
    0x08004154   0x08004154   0x00000074   Code   RO         2885    i.icmp_send_response  icmp.o
    0x080041c8   0x080041c8   0x00000012   Code   RO         2886    i.icmp_time_exceeded  icmp.o
    0x080041da   0x080041da   0x0000004e   Code   RO         1881    i.ip4_addr_isbroadcast_u32  ip4_addr.o
    0x08004228   0x08004228   0x000001c0   Code   RO          837    i.ip4_frag          ip4_frag.o
    0x080043e8   0x080043e8   0x000001ec   Code   RO         1078    i.ip4_input         ip4.o
    0x080045d4   0x080045d4   0x00000036   Code   RO         1080    i.ip4_output_if     ip4.o
    0x0800460a   0x0800460a   0x00000002   PAD
    0x0800460c   0x0800460c   0x000000c8   Code   RO         1081    i.ip4_output_if_src  ip4.o
    0x080046d4   0x080046d4   0x000001a0   Code   RO          838    i.ip4_reass         ip4_frag.o
    0x08004874   0x08004874   0x00000090   Code   RO         1082    i.ip4_route         ip4.o
    0x08004904   0x08004904   0x0000000a   Code   RO          839    i.ip_frag_alloc_pbuf_custom_ref  ip4_frag.o
    0x0800490e   0x0800490e   0x00000012   Code   RO          840    i.ip_frag_free_pbuf_custom_ref  ip4_frag.o
    0x08004920   0x08004920   0x0000016c   Code   RO          841    i.ip_reass_chain_frag_into_datagram_and_validate  ip4_frag.o
    0x08004a8c   0x08004a8c   0x0000002c   Code   RO          842    i.ip_reass_dequeue_datagram  ip4_frag.o
    0x08004ab8   0x08004ab8   0x00000054   Code   RO          843    i.ip_reass_enqueue_new_datagram  ip4_frag.o
    0x08004b0c   0x08004b0c   0x000000a0   Code   RO          844    i.ip_reass_free_complete_datagram  ip4_frag.o
    0x08004bac   0x08004bac   0x00000088   Code   RO          845    i.ip_reass_remove_oldest_datagram  ip4_frag.o
    0x08004c34   0x08004c34   0x00000034   Code   RO          846    i.ip_reass_tmr      ip4_frag.o
    0x08004c68   0x08004c68   0x00000020   Code   RO          847    i.ipfrag_free_pbuf_custom  ip4_frag.o
    0x08004c88   0x08004c88   0x00000110   Code   RO         4631    i.low_level_init    ethernetif.o
    0x08004d98   0x08004d98   0x00000104   Code   RO         4632    i.low_level_input   ethernetif.o
    0x08004e9c   0x08004e9c   0x000000e8   Code   RO         4633    i.low_level_output  ethernetif.o
    0x08004f84   0x08004f84   0x0000001a   Code   RO          575    i.lwip_htonl        def.o
    0x08004f9e   0x08004f9e   0x0000000c   Code   RO          576    i.lwip_htons        def.o
    0x08004faa   0x08004faa   0x00000020   Code   RO          753    i.lwip_init         init.o
    0x08004fca   0x08004fca   0x0000004a   Code   RO          580    i.lwip_strnstr      def.o
    0x08005014   0x08005014   0x0000001c   Code   RO         4872    i.main              main.o
    0x08005030   0x08005030   0x00000050   Code   RO         1411    i.mem_free          mem.o
    0x08005080   0x08005080   0x0000005c   Code   RO         1412    i.mem_init          mem.o
    0x080050dc   0x080050dc   0x000000ec   Code   RO         1413    i.mem_malloc        mem.o
    0x080051c8   0x080051c8   0x0000012c   Code   RO         1414    i.mem_trim          mem.o
    0x080052f4   0x080052f4   0x00000028   Code   RO            6    i.memp_free         memp.o
    0x0800531c   0x0800531c   0x00000020   Code   RO            8    i.memp_init         memp.o
    0x0800533c   0x0800533c   0x0000002c   Code   RO            9    i.memp_init_pool    memp.o
    0x08005368   0x08005368   0x00000024   Code   RO           10    i.memp_malloc       memp.o
    0x0800538c   0x0800538c   0x00000074   Code   RO         3168    i.netif_add         netif.o
    0x08005400   0x08005400   0x00000002   Code   RO         3170    i.netif_init        netif.o
    0x08005402   0x08005402   0x00000024   Code   RO         3172    i.netif_issue_reports  netif.o
    0x08005426   0x08005426   0x00000048   Code   RO         3174    i.netif_set_addr    netif.o
    0x0800546e   0x0800546e   0x00000002   PAD
    0x08005470   0x08005470   0x0000000c   Code   RO         3175    i.netif_set_default  netif.o
    0x0800547c   0x0800547c   0x0000002a   Code   RO         3176    i.netif_set_down    netif.o
    0x080054a6   0x080054a6   0x0000000c   Code   RO         3177    i.netif_set_gw      netif.o
    0x080054b2   0x080054b2   0x00000002   PAD
    0x080054b4   0x080054b4   0x0000004c   Code   RO         3178    i.netif_set_ipaddr  netif.o
    0x08005500   0x08005500   0x0000000c   Code   RO         3181    i.netif_set_netmask  netif.o
    0x0800550c   0x0800550c   0x0000002c   Code   RO         3182    i.netif_set_up      netif.o
    0x08005538   0x08005538   0x00000194   Code   RO         2018    i.pbuf_alloc        pbuf.o
    0x080056cc   0x080056cc   0x0000006e   Code   RO         2019    i.pbuf_alloced_custom  pbuf.o
    0x0800573a   0x0800573a   0x00000038   Code   RO         2020    i.pbuf_cat          pbuf.o
    0x08005772   0x08005772   0x00000016   Code   RO         2021    i.pbuf_chain        pbuf.o
    0x08005788   0x08005788   0x00000012   Code   RO         2022    i.pbuf_clen         pbuf.o
    0x0800579a   0x0800579a   0x000000c0   Code   RO         2024    i.pbuf_copy         pbuf.o
    0x0800585a   0x0800585a   0x00000092   Code   RO         2025    i.pbuf_copy_partial  pbuf.o
    0x080058ec   0x080058ec   0x00000086   Code   RO         2027    i.pbuf_free         pbuf.o
    0x08005972   0x08005972   0x00000002   PAD
    0x08005974   0x08005974   0x00000034   Code   RO         2028    i.pbuf_free_ooseq   pbuf.o
    0x080059a8   0x080059a8   0x00000012   Code   RO         2030    i.pbuf_header       pbuf.o
    0x080059ba   0x080059ba   0x00000012   Code   RO         2031    i.pbuf_header_force  pbuf.o
    0x080059cc   0x080059cc   0x0000008e   Code   RO         2032    i.pbuf_header_impl  pbuf.o
    0x08005a5a   0x08005a5a   0x00000002   PAD
    0x08005a5c   0x08005a5c   0x00000010   Code   RO         2035    i.pbuf_pool_is_empty  pbuf.o
    0x08005a6c   0x08005a6c   0x00000080   Code   RO         2037    i.pbuf_realloc      pbuf.o
    0x08005aec   0x08005aec   0x0000000e   Code   RO         2038    i.pbuf_ref          pbuf.o
    0x08005afa   0x08005afa   0x00000002   PAD
    0x08005afc   0x08005afc   0x00000088   Code   RO         1415    i.plug_holes        mem.o
    0x08005b84   0x08005b84   0x00000080   Code   RO         1778    i.sys_check_timeouts  timeouts.o
    0x08005c04   0x08005c04   0x00000008   Code   RO         4635    i.sys_now           ethernetif.o
    0x08005c0c   0x08005c0c   0x000000d8   Code   RO         1780    i.sys_timeout       timeouts.o
    0x08005ce4   0x08005ce4   0x00000034   Code   RO         1781    i.sys_timeouts_init  timeouts.o
    0x08005d18   0x08005d18   0x000000f4   Code   RO         2216    i.tcp_abandon       tcp.o
    0x08005e0c   0x08005e0c   0x0000000e   Code   RO         2217    i.tcp_abort         tcp.o
    0x08005e1a   0x08005e1a   0x00000010   Code   RO         2218    i.tcp_accept        tcp.o
    0x08005e2a   0x08005e2a   0x00000014   Code   RO         2219    i.tcp_accept_null   tcp.o
    0x08005e3e   0x08005e3e   0x00000002   PAD
    0x08005e40   0x08005e40   0x000000c0   Code   RO         2220    i.tcp_alloc         tcp.o
    0x08005f00   0x08005f00   0x00000006   Code   RO         2221    i.tcp_arg           tcp.o
    0x08005f06   0x08005f06   0x00000002   PAD
    0x08005f08   0x08005f08   0x000000b0   Code   RO         2222    i.tcp_bind          tcp.o
    0x08005fb8   0x08005fb8   0x0000001c   Code   RO         2223    i.tcp_close         tcp.o
    0x08005fd4   0x08005fd4   0x000001ac   Code   RO         2224    i.tcp_close_shutdown  tcp.o
    0x08006180   0x08006180   0x000000be   Code   RO          915    i.tcp_create_segment  tcp_out.o
    0x0800623e   0x0800623e   0x0000003a   Code   RO         2227    i.tcp_eff_send_mss_impl  tcp.o
    0x08006278   0x08006278   0x0000010e   Code   RO          916    i.tcp_enqueue_flags  tcp_out.o
    0x08006386   0x08006386   0x0000000c   Code   RO         2228    i.tcp_err           tcp.o
    0x08006392   0x08006392   0x00000002   PAD
    0x08006394   0x08006394   0x00000078   Code   RO         2229    i.tcp_fasttmr       tcp.o
    0x0800640c   0x0800640c   0x00000058   Code   RO         1521    i.tcp_getoptbyte    tcp_in.o
    0x08006464   0x08006464   0x00000002   Code   RO         2230    i.tcp_init          tcp.o
    0x08006466   0x08006466   0x00000002   PAD
    0x08006468   0x08006468   0x00000508   Code   RO         1522    i.tcp_input         tcp_in.o
    0x08006970   0x08006970   0x0000005a   Code   RO          917    i.tcp_keepalive     tcp_out.o
    0x080069ca   0x080069ca   0x00000002   PAD
    0x080069cc   0x080069cc   0x00000058   Code   RO         2231    i.tcp_kill_prio     tcp.o
    0x08006a24   0x08006a24   0x0000004c   Code   RO         2232    i.tcp_kill_state    tcp.o
    0x08006a70   0x08006a70   0x0000003c   Code   RO         2233    i.tcp_kill_timewait  tcp.o
    0x08006aac   0x08006aac   0x0000002c   Code   RO         2234    i.tcp_listen_closed  tcp.o
    0x08006ad8   0x08006ad8   0x00000140   Code   RO         1523    i.tcp_listen_input  tcp_in.o
    0x08006c18   0x08006c18   0x000000b4   Code   RO         2235    i.tcp_listen_with_backlog  tcp.o
    0x08006ccc   0x08006ccc   0x00000054   Code   RO         2236    i.tcp_netif_ip_addr_changed  tcp.o
    0x08006d20   0x08006d20   0x0000002a   Code   RO         2237    i.tcp_netif_ip_addr_changed_pcblist  tcp.o
    0x08006d4a   0x08006d4a   0x00000010   Code   RO         2239    i.tcp_new_ip_type   tcp.o
    0x08006d5a   0x08006d5a   0x00000002   PAD
    0x08006d5c   0x08006d5c   0x00000068   Code   RO         2240    i.tcp_new_port      tcp.o
    0x08006dc4   0x08006dc4   0x0000001c   Code   RO         2241    i.tcp_next_iss      tcp.o
    0x08006de0   0x08006de0   0x00000090   Code   RO         1524    i.tcp_oos_insert_segment  tcp_in.o
    0x08006e70   0x08006e70   0x0000021c   Code   RO          918    i.tcp_output        tcp_out.o
    0x0800708c   0x0800708c   0x00000078   Code   RO          919    i.tcp_output_alloc_header  tcp_out.o
    0x08007104   0x08007104   0x000000c4   Code   RO          920    i.tcp_output_segment  tcp_out.o
    0x080071c8   0x080071c8   0x0000009c   Code   RO         1525    i.tcp_parseopt      tcp_in.o
    0x08007264   0x08007264   0x00000078   Code   RO          921    i.tcp_pbuf_prealloc  tcp_out.o
    0x080072dc   0x080072dc   0x00000048   Code   RO         2242    i.tcp_pcb_purge     tcp.o
    0x08007324   0x08007324   0x0000007c   Code   RO         2243    i.tcp_pcb_remove    tcp.o
    0x080073a0   0x080073a0   0x0000000c   Code   RO         2244    i.tcp_poll          tcp.o
    0x080073ac   0x080073ac   0x000005bc   Code   RO         1526    i.tcp_process       tcp_in.o
    0x08007968   0x08007968   0x00000094   Code   RO         2245    i.tcp_process_refused_data  tcp.o
    0x080079fc   0x080079fc   0x000009b0   Code   RO         1527    i.tcp_receive       tcp_in.o
    0x080083ac   0x080083ac   0x0000000c   Code   RO         2246    i.tcp_recv          tcp.o
    0x080083b8   0x080083b8   0x0000002e   Code   RO         2247    i.tcp_recv_null     tcp.o
    0x080083e6   0x080083e6   0x0000005e   Code   RO         2248    i.tcp_recved        tcp.o
    0x08008444   0x08008444   0x00000018   Code   RO         2249    i.tcp_remove_listener  tcp.o
    0x0800845c   0x0800845c   0x0000005a   Code   RO          922    i.tcp_rexmit        tcp_out.o
    0x080084b6   0x080084b6   0x00000074   Code   RO          923    i.tcp_rexmit_fast   tcp_out.o
    0x0800852a   0x0800852a   0x0000003a   Code   RO          924    i.tcp_rexmit_rto    tcp_out.o
    0x08008564   0x08008564   0x00000088   Code   RO          925    i.tcp_rst           tcp_out.o
    0x080085ec   0x080085ec   0x00000024   Code   RO         2250    i.tcp_seg_copy      tcp.o
    0x08008610   0x08008610   0x0000001a   Code   RO         2251    i.tcp_seg_free      tcp.o
    0x0800862a   0x0800862a   0x00000018   Code   RO         2252    i.tcp_segs_free     tcp.o
    0x08008642   0x08008642   0x00000076   Code   RO          926    i.tcp_send_empty_ack  tcp_out.o
    0x080086b8   0x080086b8   0x0000004a   Code   RO          927    i.tcp_send_fin      tcp_out.o
    0x08008702   0x08008702   0x0000000a   Code   RO         2253    i.tcp_sent          tcp.o
    0x0800870c   0x0800870c   0x00000004   Code   RO         2254    i.tcp_setprio       tcp.o
    0x08008710   0x08008710   0x0000036c   Code   RO         2256    i.tcp_slowtmr       tcp.o
    0x08008a7c   0x08008a7c   0x00000038   Code   RO         1784    i.tcp_timer_needed  timeouts.o
    0x08008ab4   0x08008ab4   0x000000a4   Code   RO         1528    i.tcp_timewait_input  tcp_in.o
    0x08008b58   0x08008b58   0x00000024   Code   RO         2257    i.tcp_tmr           tcp.o
    0x08008b7c   0x08008b7c   0x00000014   Code   RO         1529    i.tcp_trigger_input_pcb_close  tcp_in.o
    0x08008b90   0x08008b90   0x0000004e   Code   RO         2259    i.tcp_update_rcv_ann_wnd  tcp.o
    0x08008bde   0x08008bde   0x000003bc   Code   RO          928    i.tcp_write         tcp_out.o
    0x08008f9a   0x08008f9a   0x00000070   Code   RO          929    i.tcp_write_checks  tcp_out.o
    0x0800900a   0x0800900a   0x000000de   Code   RO          930    i.tcp_zero_window_probe  tcp_out.o
    0x080090e8   0x080090e8   0x00000038   Code   RO         1785    i.tcpip_tcp_timer   timeouts.o
    0x08009120   0x08009120   0x00000094   Code   RO         2942    i.udp_bind          udp.o
    0x080091b4   0x080091b4   0x00000070   Code   RO         2943    i.udp_connect       udp.o
    0x08009224   0x08009224   0x00000002   Code   RO         2945    i.udp_init          udp.o
    0x08009226   0x08009226   0x00000002   PAD
    0x08009228   0x08009228   0x0000013c   Code   RO         2946    i.udp_input         udp.o
    0x08009364   0x08009364   0x00000048   Code   RO         2947    i.udp_input_local_match  udp.o
    0x080093ac   0x080093ac   0x00000030   Code   RO         2948    i.udp_netif_ip_addr_changed  udp.o
    0x080093dc   0x080093dc   0x0000001c   Code   RO         2949    i.udp_new           udp.o
    0x080093f8   0x080093f8   0x00000058   Code   RO         2951    i.udp_new_port      udp.o
    0x08009450   0x08009450   0x00000006   Code   RO         2952    i.udp_recv          udp.o
    0x08009456   0x08009456   0x00000002   PAD
    0x08009458   0x08009458   0x00000044   Code   RO         2953    i.udp_remove        udp.o
    0x0800949c   0x0800949c   0x00000052   Code   RO         2956    i.udp_sendto_if     udp.o
    0x080094ee   0x080094ee   0x000000be   Code   RO         2957    i.udp_sendto_if_src  udp.o
    0x080095ac   0x080095ac   0x00000090   Data   RO           13    .constdata          memp.o
    0x0800963c   0x0800963c   0x00000d94   Data   RO          705    .constdata          fs.o
    0x0800a3d0   0x0800a3d0   0x00000028   Data   RO         1637    .constdata          httpd.o
    0x0800a3f8   0x0800a3f8   0x00000028   Data   RO         1786    .constdata          timeouts.o
    0x0800a420   0x0800a420   0x00000008   Data   RO         1888    .constdata          ip4_addr.o
    0x0800a428   0x0800a428   0x00000050   Data   RO         2260    .constdata          tcp.o
    0x0800a478   0x0800a478   0x0000000c   Data   RO         2849    .constdata          ethernet.o
    0x0800a484   0x0800a484   0x00000018   Data   RO         4912    .constdata          system_stm32f4xx.o
    0x0800a49c   0x0800a49c   0x00000040   Data   RO         1638    .conststring        httpd.o
    0x0800a4dc   0x0800a4dc   0x00000075   Data   RO         2261    .conststring        tcp.o
    0x0800a551   0x0800a551   0x00000003   PAD
    0x0800a554   0x0800a554   0x00000020   Data   RO         4988    Region$$Table       anon$$obj.o


    Execution Region RW_IRAM1 (Exec base: 0x20000000, Load base: 0x0800a574, Size: 0x000070a0, Max: 0x00020000, ABSOLUTE)

    Exec Addr    Load Addr    Size         Type   Attr      Idx    E Section Name        Object

    0x20000000   0x0800a574   0x00000024   Data   RW           14    .data               memp.o
    0x20000024   0x0800a598   0x00000006   Data   RW          848    .data               ip4_frag.o
    0x2000002a   0x0800a59e   0x00000002   Data   RW         1083    .data               ip4.o
    0x2000002c   0x0800a5a0   0x00000010   Data   RW         1208    .data               dhcp.o
    0x2000003c   0x0800a5b0   0x0000000c   Data   RW         1417    .data               mem.o
    0x20000048   0x0800a5bc   0x00000028   Data   RW         1531    .data               tcp_in.o
    0x20000070   0x0800a5e4   0x0000000c   Data   RW         1787    .data               timeouts.o
    0x2000007c   0x0800a5f0   0x00000001   Data   RW         2045    .data               pbuf.o
    0x2000007d   0x0800a5f1   0x00000003   PAD
    0x20000080   0x0800a5f4   0x00000020   Data   RW         2262    .data               tcp.o
    0x200000a0   0x0800a614   0x00000001   Data   RW         2684    .data               etharp.o
    0x200000a1   0x0800a615   0x00000003   PAD
    0x200000a4   0x0800a618   0x00000008   Data   RW         2958    .data               udp.o
    0x200000ac   0x0800a620   0x00000009   Data   RW         3183    .data               netif.o
    0x200000b5   0x0800a629   0x00000003   PAD
    0x200000b8   0x0800a62c   0x00000004   Data   RW         3601    .data               stm32f4xx_hal.o
    0x200000bc   0x0800a630   0x00000014   Data   RW         4715    .data               lwip.o
    0x200000d0   0x0800a644   0x00000004   Data   RW         4913    .data               system_stm32f4xx.o
    0x200000d4   0x0800a648   0x00000004   Data   RW         4950    .data               mc_w.l(rand.o)
    0x200000d8        -       0x00002ecb   Zero   RW           12    .bss                memp.o
    0x20002fa3   0x0800a64c   0x00000001   PAD
    0x20002fa4        -       0x00000032   Zero   RW         1207    .bss                dhcp.o
    0x20002fd6        -       0x00000653   Zero   RW         1416    .bss                mem.o
    0x20003629   0x0800a64c   0x00000003   PAD
    0x2000362c        -       0x00000010   Zero   RW         1530    .bss                tcp_in.o
    0x2000363c        -       0x00000440   Zero   RW         1636    .bss                httpd.o
    0x20003a7c        -       0x00000018   Zero   RW         1857    .bss                ip.o
    0x20003a94        -       0x000000f0   Zero   RW         2683    .bss                etharp.o
    0x20003b84        -       0x000030e8   Zero   RW         4636    .bss                ethernetif.o
    0x20006c6c        -       0x00000034   Zero   RW         4714    .bss                lwip.o
    0x20006ca0        -       0x00000400   Zero   RW         4617    STACK               startup_stm32f407xx.o

